Archive member included because of file (symbol)

/usr/local/bin/../lib/gcc/msp430/4.7.2/mcpu-430x/mmpy-16/msr20/mc20/libgcc.a(_mulsi3.o)
                              build/z1/obj/cfs-coffee.o (__mulsi3)
/usr/local/bin/../lib/gcc/msp430/4.7.2/mcpu-430x/mmpy-16/msr20/mc20/libgcc.a(_udivmod16.o)
                              build/z1/obj/cfs-coffee.o (__udivhi3)
/usr/local/bin/../lib/gcc/msp430/4.7.2/mcpu-430x/mmpy-16/msr20/mc20/libgcc.a(_divmod16.o)
                              build/z1/obj/link-stats.o (__divhi3)
/usr/local/bin/../lib/gcc/msp430/4.7.2/mcpu-430x/mmpy-16/msr20/mc20/libgcc.a(_udivmod32.o)
                              build/z1/obj/ifft.o (__udivsi3)
/usr/local/bin/../lib/gcc/msp430/4.7.2/mcpu-430x/mmpy-16/msr20/mc20/libgcc.a(_divmod32.o)
                              build/z1/obj/cfs-coffee.o (__divsi3)
/usr/local/bin/../lib/gcc/msp430/4.7.2/../../../../msp430/lib/mcpu-430x/mmpy-16/msr20/mc20/libc.a(atoi.o)
                              build/z1/obj/udp-client.o (atoi)
/usr/local/bin/../lib/gcc/msp430/4.7.2/../../../../msp430/lib/mcpu-430x/mmpy-16/msr20/mc20/libc.a(printf.o)
                              build/z1/obj/assert.o (printf)
/usr/local/bin/../lib/gcc/msp430/4.7.2/../../../../msp430/lib/mcpu-430x/mmpy-16/msr20/mc20/libc.a(sprintf.o)
                              build/z1/obj/log.o (snprintf)
/usr/local/bin/../lib/gcc/msp430/4.7.2/../../../../msp430/lib/mcpu-430x/mmpy-16/msr20/mc20/libc.a(vuprintf.o)
                              /usr/local/bin/../lib/gcc/msp430/4.7.2/../../../../msp430/lib/mcpu-430x/mmpy-16/msr20/mc20/libc.a(printf.o) (vuprintf)
/usr/local/bin/../lib/gcc/msp430/4.7.2/../../../../msp430/lib/mcpu-430x/mmpy-16/msr20/mc20/libc.a(puts.o)
                              build/z1/obj/assert.o (puts)
/usr/local/bin/../lib/gcc/msp430/4.7.2/../../../../msp430/lib/mcpu-430x/mmpy-16/msr20/mc20/libc.a(strcmp.o)
                              build/z1/obj/cfs-coffee.o (strcmp)
/usr/local/bin/../lib/gcc/msp430/4.7.2/../../../../msp430/lib/mcpu-430x/mmpy-16/msr20/mc20/libc.a(strncmp.o)
                              build/z1/obj/sensors.o (strncmp)
/usr/local/bin/../lib/gcc/msp430/4.7.2/../../../../msp430/lib/mcpu-430x/mmpy-16/msr20/mc20/libc.a(memcmp.o)
                              build/z1/obj/ip64-addr.o (memcmp)
/usr/local/bin/../lib/gcc/msp430/4.7.2/../../../../msp430/lib/mcpu-430x/mmpy-16/msr20/mc20/libc.a(strncpy.o)
                              build/z1/obj/cfs-coffee.o (strncpy)
/usr/local/bin/../lib/gcc/msp430/4.7.2/../../../../msp430/lib/mcpu-430x/mmpy-16/msr20/mc20/libc.a(memcpy.o)
                              build/z1/obj/aes-128.o (memcpy)
/usr/local/bin/../lib/gcc/msp430/4.7.2/../../../../msp430/lib/mcpu-430x/mmpy-16/msr20/mc20/libc.a(memmove.o)
                              build/z1/obj/cbor.o (memmove)
/usr/local/bin/../lib/gcc/msp430/4.7.2/../../../../msp430/lib/mcpu-430x/mmpy-16/msr20/mc20/libc.a(memset.o)
                              build/z1/obj/cfs-coffee.o (memset)
/usr/local/bin/../lib/gcc/msp430/4.7.2/mcpu-430x/mmpy-16/msr20/mc20/libgcc.a(_udivmod64.o)
                              /usr/local/bin/../lib/gcc/msp430/4.7.2/../../../../msp430/lib/mcpu-430x/mmpy-16/msr20/mc20/libc.a(vuprintf.o) (__udivdi3)
/usr/local/bin/../lib/gcc/msp430/4.7.2/mcpu-430x/mmpy-16/msr20/mc20/libcrt0.a(_reset_vector__.o)
                              /usr/local/bin/../lib/gcc/msp430/4.7.2/mcpu-430x/mmpy-16/msr20/mc20/crt0ivtbl32.o (_reset_vector__)
/usr/local/bin/../lib/gcc/msp430/4.7.2/mcpu-430x/mmpy-16/msr20/mc20/libcrt0.a(__watchdog_support.o)
                              /usr/local/bin/../lib/gcc/msp430/4.7.2/mcpu-430x/mmpy-16/msr20/mc20/libcrt0.a(_reset_vector__.o) (__watchdog_support)
/usr/local/bin/../lib/gcc/msp430/4.7.2/mcpu-430x/mmpy-16/msr20/mc20/libcrt0.a(__init_stack.o)
                              /usr/local/bin/../lib/gcc/msp430/4.7.2/mcpu-430x/mmpy-16/msr20/mc20/libcrt0.a(_reset_vector__.o) (__init_stack)
/usr/local/bin/../lib/gcc/msp430/4.7.2/mcpu-430x/mmpy-16/msr20/mc20/libcrt0.a(__low_level_init.o)
                              /usr/local/bin/../lib/gcc/msp430/4.7.2/mcpu-430x/mmpy-16/msr20/mc20/libcrt0.a(_reset_vector__.o) (__low_level_init)
/usr/local/bin/../lib/gcc/msp430/4.7.2/mcpu-430x/mmpy-16/msr20/mc20/libcrt0.a(_copy_data.o)
                              /usr/local/bin/../lib/gcc/msp430/4.7.2/mcpu-430x/mmpy-16/msr20/mc20/libcrt0.a(_reset_vector__.o) (__do_copy_data)
/usr/local/bin/../lib/gcc/msp430/4.7.2/mcpu-430x/mmpy-16/msr20/mc20/libcrt0.a(_clear_bss.o)
                              /usr/local/bin/../lib/gcc/msp430/4.7.2/mcpu-430x/mmpy-16/msr20/mc20/libcrt0.a(_reset_vector__.o) (__do_clear_bss)
/usr/local/bin/../lib/gcc/msp430/4.7.2/mcpu-430x/mmpy-16/msr20/mc20/libcrt0.a(__stop_progExec__.o)
                              /usr/local/bin/../lib/gcc/msp430/4.7.2/mcpu-430x/mmpy-16/msr20/mc20/libcrt0.a(_reset_vector__.o) (__stop_progExec__)
/usr/local/bin/../lib/gcc/msp430/4.7.2/mcpu-430x/mmpy-16/msr20/mc20/libcrt0.a(_endless_loop__.o)
[...]
Memory Configuration

Name             Origin             Length             Attributes
sfr              0x00000000         0x00000010
peripheral_8bit  0x00000010         0x000000f0
peripheral_16bit 0x00000100         0x00000100
ram_mirror       0x00000200         0x00000800         xw
infomem          0x00001000         0x00000100
infod            0x00001000         0x00000040
infoc            0x00001040         0x00000040
infob            0x00001080         0x00000040
infoa            0x000010c0         0x00000040
ram              0x00001100         0x00002000         xw
rom              0x00003100         0x0000cebe         xr
vectors          0x0000ffc0         0x00000040
far_rom          0x00010000         0x0000a000
bsl              0x00000000         0x00000000
ram2             0x00000000         0x00000000         xw
usbram           0x00000000         0x00000000         xw
*default*        0x00000000         0xffffffff

Linker script and memory map

LOAD /usr/local/bin/../lib/gcc/msp430/4.7.2/mcpu-430x/mmpy-16/msr20/mc20/crt0ivtbl32.o
                0x00000041                __P1SEL2 = 0x41
                0x00000045                __P5SEL2 = 0x45
                0x000029ba                _stack = _end
LOAD build/z1/obj/adxl345.o
LOAD build/z1/obj/aes-128.o
LOAD build/z1/obj/anti-replay.o
LOAD build/z1/obj/assert.o
LOAD build/z1/obj/atomic.o
LOAD build/z1/obj/autostart.o
LOAD build/z1/obj/battery-sensor.o
LOAD build/z1/obj/bitrev.o
LOAD build/z1/obj/button-hal.o
LOAD build/z1/obj/button-sensor.o
LOAD build/z1/obj/cbor.o
LOAD build/z1/obj/cc2420-arch-sfd.o
LOAD build/z1/obj/cc2420-arch.o
LOAD build/z1/obj/cc2420-tsch-15ms.o
LOAD build/z1/obj/cc2420.o
LOAD build/z1/obj/ccm-star-packetbuf.o
LOAD build/z1/obj/ccm-star.o
LOAD build/z1/obj/cfs-coffee.o
LOAD build/z1/obj/circular-list.o
LOAD build/z1/obj/clock.o
LOAD build/z1/obj/compower.o
LOAD build/z1/obj/contiki-main.o
LOAD build/z1/obj/crc16.o
LOAD build/z1/obj/csma-output.o
LOAD build/z1/obj/csma-security.o
LOAD build/z1/obj/csma.o
LOAD build/z1/obj/csprng.o
LOAD build/z1/obj/ctimer.o
LOAD build/z1/obj/dbl-circ-list.o
LOAD build/z1/obj/dbl-list.o
LOAD build/z1/obj/ecc-curve.o
LOAD build/z1/obj/energest.o
LOAD build/z1/obj/etimer.o
LOAD build/z1/obj/flash.o
LOAD build/z1/obj/frame802154.o
LOAD build/z1/obj/frame802154e-ie.o
LOAD build/z1/obj/framer-802154.o
LOAD build/z1/obj/gpio-hal.o
LOAD build/z1/obj/heapmem.o
LOAD build/z1/obj/hexconv.o
LOAD build/z1/obj/i2cmaster.o
LOAD build/z1/obj/ifft.o
LOAD build/z1/obj/int-master.o
LOAD build/z1/obj/ip64-addr.o
LOAD build/z1/obj/iq-seeder.o
LOAD build/z1/obj/leds-arch.o
LOAD build/z1/obj/leds.o
LOAD build/z1/obj/light-sensor.o
LOAD build/z1/obj/link-stats.o
LOAD build/z1/obj/linkaddr.o
LOAD build/z1/obj/list.o
LOAD build/z1/obj/log.o
LOAD build/z1/obj/lpm.o
LOAD build/z1/obj/mac-sequence.o
LOAD build/z1/obj/memb.o
LOAD build/z1/obj/msp430.o
LOAD build/z1/obj/mutex.o
LOAD build/z1/obj/nbr-table.o
LOAD build/z1/obj/net-debug.o
LOAD build/z1/obj/netstack.o
LOAD build/z1/obj/node-id-z1.o
LOAD build/z1/obj/node-id.o
LOAD build/z1/obj/nullframer.o
LOAD build/z1/obj/nullradio.o
LOAD build/z1/obj/ota-metadata.o
LOAD build/z1/obj/packetbuf.o
LOAD build/z1/obj/platform.o
LOAD build/z1/obj/process-mutex.o
LOAD build/z1/obj/process.o
LOAD build/z1/obj/psock.o
LOAD build/z1/obj/queuebuf.o
LOAD build/z1/obj/random.o
LOAD build/z1/obj/ringbuf.o
LOAD build/z1/obj/ringbufindex.o
LOAD build/z1/obj/rpl-dag-root.o
LOAD build/z1/obj/rpl-dag.o
LOAD build/z1/obj/rpl-ext-header.o
LOAD build/z1/obj/rpl-icmp6.o
LOAD build/z1/obj/rpl-mrhof.o
LOAD build/z1/obj/rpl-nbr-policy.o
LOAD build/z1/obj/rpl-neighbor.o
LOAD build/z1/obj/rpl-of0.o
LOAD build/z1/obj/rpl-timers.o
LOAD build/z1/obj/rpl.o
LOAD build/z1/obj/rtimer-arch.o
LOAD build/z1/obj/rtimer.o
LOAD build/z1/obj/sensors.o
LOAD build/z1/obj/serial-line.o
LOAD build/z1/obj/sfc16-prng.o
LOAD build/z1/obj/sfc32-prng.o
LOAD build/z1/obj/sha-256.o
LOAD build/z1/obj/sicslowpan.o
LOAD build/z1/obj/simple-udp.o
LOAD build/z1/obj/sky-sensors.o
LOAD build/z1/obj/slip.o
LOAD build/z1/obj/slip_uart0.o
LOAD build/z1/obj/spi-legacy.o
LOAD build/z1/obj/spi.o
LOAD build/z1/obj/stack-check.o
LOAD build/z1/obj/stimer.o
LOAD build/z1/obj/tcp-socket.o
LOAD build/z1/obj/tcpip.o
LOAD build/z1/obj/temperature-sensor.o
LOAD build/z1/obj/timer.o
LOAD build/z1/obj/tmp102.o
LOAD build/z1/obj/trickle-timer.o
LOAD build/z1/obj/uart-putchar.o
LOAD build/z1/obj/uart0.o
LOAD build/z1/obj/udp-client.o
LOAD build/z1/obj/udp-socket.o
LOAD build/z1/obj/uip-ds6-nbr.o
LOAD build/z1/obj/uip-ds6-route.o
LOAD build/z1/obj/uip-ds6.o
LOAD build/z1/obj/uip-icmp6.o
LOAD build/z1/obj/uip-ipchksum.o
LOAD build/z1/obj/uip-nameserver.o
LOAD build/z1/obj/uip-nd6.o
LOAD build/z1/obj/uip-packetqueue.o
LOAD build/z1/obj/uip-sr.o
LOAD build/z1/obj/uip-udp-packet.o
LOAD build/z1/obj/uip6.o
LOAD build/z1/obj/uipbuf.o
LOAD build/z1/obj/uiplib.o
LOAD build/z1/obj/watchdog.o
LOAD build/z1/obj/xmem.o
LOAD build/z1/obj/z1-phidgets.o
LOAD build/z1/obj/z1-sensors.o
LOAD /usr/local/bin/../lib/gcc/msp430/4.7.2/mcpu-430x/mmpy-16/msr20/mc20/libgcc.a
LOAD /usr/local/bin/../lib/gcc/msp430/4.7.2/../../../../msp430/lib/mcpu-430x/mmpy-16/msr20/mc20/libc.a
LOAD /usr/local/bin/../lib/gcc/msp430/4.7.2/mcpu-430x/mmpy-16/msr20/mc20/libgcc.a
LOAD /usr/local/bin/../lib/gcc/msp430/4.7.2/mcpu-430x/mmpy-16/msr20/mc20/libcrt0.a
                0x00000040                PROVIDE (__info_segment_size, 0x40)
                0x00001000                PROVIDE (__infod, 0x1000)
                0x00001040                PROVIDE (__infoc, 0x1040)
                0x00001080                PROVIDE (__infob, 0x1080)
                0x000010c0                PROVIDE (__infoa, 0x10c0)
                0x00000000                __IE1 = 0x0
                0x00000002                __IFG1 = 0x2
                0x00000001                __IE2 = 0x1
                0x00000003                __IFG2 = 0x3
                0x00000006                __UC1IE = 0x6
                0x00000007                __UC1IFG = 0x7
                0x000001a0                __ADC12CTL0 = 0x1a0
                0x000001a2                __ADC12CTL1 = 0x1a2
                0x000001a4                __ADC12IFG = 0x1a4
                0x000001a6                __ADC12IE = 0x1a6
                0x000001a8                __ADC12IV = 0x1a8
                0x00000140                __ADC12MEM0 = 0x140
                0x00000142                __ADC12MEM1 = 0x142
                0x00000144                __ADC12MEM2 = 0x144
                0x00000146                __ADC12MEM3 = 0x146
                0x00000148                __ADC12MEM4 = 0x148
                0x0000014a                __ADC12MEM5 = 0x14a
                0x0000014c                __ADC12MEM6 = 0x14c
                0x0000014e                __ADC12MEM7 = 0x14e
                0x00000150                __ADC12MEM8 = 0x150
                0x00000152                __ADC12MEM9 = 0x152
                0x00000154                __ADC12MEM10 = 0x154
                0x00000156                __ADC12MEM11 = 0x156
                0x00000158                __ADC12MEM12 = 0x158
                0x0000015a                __ADC12MEM13 = 0x15a
                0x0000015c                __ADC12MEM14 = 0x15c
                0x0000015e                __ADC12MEM15 = 0x15e
                0x00000080                __ADC12MCTL0 = 0x80
                0x00000081                __ADC12MCTL1 = 0x81
                0x00000082                __ADC12MCTL2 = 0x82
                0x00000083                __ADC12MCTL3 = 0x83
                0x00000084                __ADC12MCTL4 = 0x84
                0x00000085                __ADC12MCTL5 = 0x85
                0x00000086                __ADC12MCTL6 = 0x86
                0x00000087                __ADC12MCTL7 = 0x87
                0x00000088                __ADC12MCTL8 = 0x88
                0x00000089                __ADC12MCTL9 = 0x89
                0x0000008a                __ADC12MCTL10 = 0x8a
                0x0000008b                __ADC12MCTL11 = 0x8b
                0x0000008c                __ADC12MCTL12 = 0x8c
                0x0000008d                __ADC12MCTL13 = 0x8d
                0x0000008e                __ADC12MCTL14 = 0x8e
                0x0000008f                __ADC12MCTL15 = 0x8f
                0x00000056                __DCOCTL = 0x56
                0x00000057                __BCSCTL1 = 0x57
                0x00000058                __BCSCTL2 = 0x58
                0x00000053                __BCSCTL3 = 0x53
                0x00000059                __CACTL1 = 0x59
                0x0000005a                __CACTL2 = 0x5a
                0x0000005b                __CAPD = 0x5b
                0x000001c0                __DAC12_0CTL = 0x1c0
                0x000001c2                __DAC12_1CTL = 0x1c2
                0x000001c8                __DAC12_0DAT = 0x1c8
                0x000001ca                __DAC12_1DAT = 0x1ca
                0x00000122                __DMACTL0 = 0x122
                0x00000124                __DMACTL1 = 0x124
                0x00000126                __DMAIV = 0x126
                0x000001d0                __DMA0CTL = 0x1d0
                0x000001dc                __DMA1CTL = 0x1dc
                0x000001e8                __DMA2CTL = 0x1e8
                0x000001d2                __DMA0SA = 0x1d2
                0x000001d2                __DMA0SAL = 0x1d2
                0x000001d6                __DMA0DA = 0x1d6
                0x000001d6                __DMA0DAL = 0x1d6
                0x000001da                __DMA0SZ = 0x1da
                0x000001de                __DMA1SA = 0x1de
                0x000001de                __DMA1SAL = 0x1de
                0x000001e2                __DMA1DA = 0x1e2
                0x000001e2                __DMA1DAL = 0x1e2
                0x000001e6                __DMA1SZ = 0x1e6
                0x000001ea                __DMA2SA = 0x1ea
                0x000001ea                __DMA2SAL = 0x1ea
                0x000001ee                __DMA2DA = 0x1ee
                0x000001ee                __DMA2DAL = 0x1ee
                0x000001f2                __DMA2SZ = 0x1f2
                0x00000128                __FCTL1 = 0x128
                0x0000012a                __FCTL2 = 0x12a
                0x0000012c                __FCTL3 = 0x12c
                0x000001be                __FCTL4 = 0x1be
                0x00000130                __MPY = 0x130
                0x00000132                __MPYS = 0x132
                0x00000134                __MAC = 0x134
                0x00000136                __MACS = 0x136
                0x00000138                __OP2 = 0x138
                0x0000013a                __RESLO = 0x13a
                0x0000013c                __RESHI = 0x13c
                0x0000013e                __SUMEXT = 0x13e
                0x00000020                __P1IN = 0x20
                0x00000021                __P1OUT = 0x21
                0x00000022                __P1DIR = 0x22
                0x00000023                __P1IFG = 0x23
                0x00000024                __P1IES = 0x24
                0x00000025                __P1IE = 0x25
                0x00000026                __P1SEL = 0x26
                0x00000027                __P1REN = 0x27
                0x00000028                __P2IN = 0x28
                0x00000029                __P2OUT = 0x29
                0x0000002a                __P2DIR = 0x2a
                0x0000002b                __P2IFG = 0x2b
                0x0000002c                __P2IES = 0x2c
                0x0000002d                __P2IE = 0x2d
                0x0000002e                __P2SEL = 0x2e
                0x0000002f                __P2REN = 0x2f
                0x00000018                __P3IN = 0x18
                0x00000019                __P3OUT = 0x19
                0x0000001a                __P3DIR = 0x1a
                0x0000001b                __P3SEL = 0x1b
                0x00000010                __P3REN = 0x10
                0x0000001c                __P4IN = 0x1c
                0x0000001d                __P4OUT = 0x1d
                0x0000001e                __P4DIR = 0x1e
                0x0000001f                __P4SEL = 0x1f
                0x00000011                __P4REN = 0x11
                0x00000030                __P5IN = 0x30
                0x00000031                __P5OUT = 0x31
                0x00000032                __P5DIR = 0x32
                0x00000033                __P5SEL = 0x33
                0x00000012                __P5REN = 0x12
                0x00000034                __P6IN = 0x34
                0x00000035                __P6OUT = 0x35
                0x00000036                __P6DIR = 0x36
                0x00000037                __P6SEL = 0x37
                0x00000013                __P6REN = 0x13
                0x00000038                __P7IN = 0x38
                0x0000003a                __P7OUT = 0x3a
                0x0000003c                __P7DIR = 0x3c
                0x0000003e                __P7SEL = 0x3e
                0x00000014                __P7REN = 0x14
                0x00000039                __P8IN = 0x39
                0x0000003b                __P8OUT = 0x3b
                0x0000003d                __P8DIR = 0x3d
                0x0000003f                __P8SEL = 0x3f
                0x00000015                __P8REN = 0x15
                0x00000038                __PAIN = 0x38
                0x0000003a                __PAOUT = 0x3a
                0x0000003c                __PADIR = 0x3c
                0x0000003e                __PASEL = 0x3e
                0x00000014                __PAREN = 0x14
                0x00000055                __SVSCTL = 0x55
                0x0000012e                __TAIV = 0x12e
                0x00000160                __TACTL = 0x160
                0x00000162                __TACCTL0 = 0x162
                0x00000164                __TACCTL1 = 0x164
                0x00000166                __TACCTL2 = 0x166
                0x00000170                __TAR = 0x170
                0x00000172                __TACCR0 = 0x172
                0x00000174                __TACCR1 = 0x174
                0x00000176                __TACCR2 = 0x176
                0x0000011e                __TBIV = 0x11e
                0x00000180                __TBCTL = 0x180
                0x00000182                __TBCCTL0 = 0x182
                0x00000184                __TBCCTL1 = 0x184
                0x00000186                __TBCCTL2 = 0x186
                0x00000188                __TBCCTL3 = 0x188
                0x0000018a                __TBCCTL4 = 0x18a
                0x0000018c                __TBCCTL5 = 0x18c
                0x0000018e                __TBCCTL6 = 0x18e
                0x00000190                __TBR = 0x190
                0x00000192                __TBCCR0 = 0x192
                0x00000194                __TBCCR1 = 0x194
                0x00000196                __TBCCR2 = 0x196
                0x00000198                __TBCCR3 = 0x198
                0x0000019a                __TBCCR4 = 0x19a
                0x0000019c                __TBCCR5 = 0x19c
                0x0000019e                __TBCCR6 = 0x19e
                0x00000060                __UCA0CTL0 = 0x60
                0x00000061                __UCA0CTL1 = 0x61
                0x00000062                __UCA0BR0 = 0x62
                0x00000063                __UCA0BR1 = 0x63
                0x00000064                __UCA0MCTL = 0x64
                0x00000065                __UCA0STAT = 0x65
                0x00000066                __UCA0RXBUF = 0x66
                0x00000067                __UCA0TXBUF = 0x67
                0x0000005d                __UCA0ABCTL = 0x5d
                0x0000005e                __UCA0IRTCTL = 0x5e
                0x0000005f                __UCA0IRRCTL = 0x5f
                0x00000068                __UCB0CTL0 = 0x68
                0x00000069                __UCB0CTL1 = 0x69
                0x0000006a                __UCB0BR0 = 0x6a
                0x0000006b                __UCB0BR1 = 0x6b
                0x0000006c                __UCB0I2CIE = 0x6c
                0x0000006d                __UCB0STAT = 0x6d
                0x0000006e                __UCB0RXBUF = 0x6e
                0x0000006f                __UCB0TXBUF = 0x6f
                0x00000118                __UCB0I2COA = 0x118
                0x0000011a                __UCB0I2CSA = 0x11a
                0x000000d0                __UCA1CTL0 = 0xd0
                0x000000d1                __UCA1CTL1 = 0xd1
                0x000000d2                __UCA1BR0 = 0xd2
                0x000000d3                __UCA1BR1 = 0xd3
                0x000000d4                __UCA1MCTL = 0xd4
                0x000000d5                __UCA1STAT = 0xd5
                0x000000d6                __UCA1RXBUF = 0xd6
                0x000000d7                __UCA1TXBUF = 0xd7
                0x000000cd                __UCA1ABCTL = 0xcd
                0x000000ce                __UCA1IRTCTL = 0xce
                0x000000cf                __UCA1IRRCTL = 0xcf
                0x000000d8                __UCB1CTL0 = 0xd8
                0x000000d9                __UCB1CTL1 = 0xd9
                0x000000da                __UCB1BR0 = 0xda
                0x000000db                __UCB1BR1 = 0xdb
                0x000000dc                __UCB1I2CIE = 0xdc
                0x000000dd                __UCB1STAT = 0xdd
                0x000000de                __UCB1RXBUF = 0xde
                0x000000df                __UCB1TXBUF = 0xdf
                0x0000017c                __UCB1I2COA = 0x17c
                0x0000017e                __UCB1I2CSA = 0x17e
                0x00000120                __WDTCTL = 0x120
                0x000010c0                __TLV_CHECKSUM = 0x10c0
                0x000010f6                __TLV_DCO_30_TAG = 0x10f6
                0x000010f7                __TLV_DCO_30_LEN = 0x10f7
                0x000010da                __TLV_ADC12_1_TAG = 0x10da
                0x000010db                __TLV_ADC12_1_LEN = 0x10db
                0x000010f8                __CALDCO_16MHZ = 0x10f8
                0x000010f9                __CALBC1_16MHZ = 0x10f9
                0x000010fa                __CALDCO_12MHZ = 0x10fa
                0x000010fb                __CALBC1_12MHZ = 0x10fb
                0x000010fc                __CALDCO_8MHZ = 0x10fc
                0x000010fd                __CALBC1_8MHZ = 0x10fd
                0x000010fe                __CALDCO_1MHZ = 0x10fe
                0x000010ff                __CALBC1_1MHZ = 0x10ff

.hash
 *(SORT(.hash))

.dynsym
 *(SORT(.dynsym))

.dynstr
 *(SORT(.dynstr))

.gnu.version
 *(SORT(.gnu.version))

.gnu.version_d
 *(SORT(.gnu.version_d))

.gnu.version_r
 *(SORT(.gnu.version_r))

.rel.init
 *(SORT(.rel.init))

.rela.init
 *(SORT(.rela.init))

.rel.fini
 *(SORT(.rel.fini))

.rela.fini
 *(SORT(.rela.fini))

.rel.text
 *(SORT(.rel.text) SORT(.rel.text.*) SORT(.rel.gnu.linkonce.t.*))

.rela.text
 *(SORT(.rela.text) SORT(.rela.text.*) SORT(.rela.gnu.linkonce.t.*))

.rel.rodata
 *(SORT(.rel.rodata) SORT(.rel.rodata.*) SORT(.rel.gnu.linkonce.r.*))

.rela.rodata
 *(SORT(.rela.rodata) SORT(.rela.rodata.*) SORT(.rela.gnu.linkonce.r.*))

.rel.data
 *(SORT(.rel.data) SORT(.rel.data.*) SORT(.rel.gnu.linkonce.d.*))

.rela.data
 *(SORT(.rela.data) SORT(.rela.data.*) SORT(.rela.gnu.linkonce.d.*))

.rel.bss
 *(SORT(.rel.bss) SORT(.rel.bss.*) SORT(.rel.gnu.linkonce.b.*))

.rela.bss
 *(SORT(.rela.bss) SORT(.rela.bss.*) SORT(.rela.gnu.linkonce.b.*))

.rel.ctors
 *(SORT(.rel.ctors))

.rela.ctors
 *(SORT(.rela.ctors))

.rel.dtors
 *(SORT(.rel.dtors))

.rela.dtors
 *(SORT(.rela.dtors))

.rel.got
 *(SORT(.rel.got))

.rela.got
 *(SORT(.rela.got))

.rel.plt
 *(SORT(.rel.plt))

.rela.plt
 *(SORT(.rela.plt))

.text           0x00003100     0xb82e
                0x00003100                . = ALIGN (0x2)
 *(SORT(.init) SORT(.init.*))
 *(SORT(.init0))
 .init0         0x00003100        0x0 /usr/local/bin/../lib/gcc/msp430/4.7.2/mcpu-430x/mmpy-16/msr20/mc20/libcrt0.a(_reset_vector__.o)
                0x00003100                _reset_vector__
 *(SORT(.init1))
 .init1         0x00003100        0xc /usr/local/bin/../lib/gcc/msp430/4.7.2/mcpu-430x/mmpy-16/msr20/mc20/libcrt0.a(__watchdog_support.o)
                0x00003100                __watchdog_support
 *(SORT(.init2))
 .init2         0x0000310c        0x4 /usr/local/bin/../lib/gcc/msp430/4.7.2/mcpu-430x/mmpy-16/msr20/mc20/libcrt0.a(__init_stack.o)
                0x0000310c                __init_stack
 *(SORT(.init3))
 .init3         0x00003110        0x0 /usr/local/bin/../lib/gcc/msp430/4.7.2/mcpu-430x/mmpy-16/msr20/mc20/libcrt0.a(__low_level_init.o)
                0x00003110                __low_level_init
 *(SORT(.init4))
 .init4         0x00003110       0x18 /usr/local/bin/../lib/gcc/msp430/4.7.2/mcpu-430x/mmpy-16/msr20/mc20/libcrt0.a(_copy_data.o)
                0x00003110                __do_copy_data
 .init4         0x00003128       0x16 /usr/local/bin/../lib/gcc/msp430/4.7.2/mcpu-430x/mmpy-16/msr20/mc20/libcrt0.a(_clear_bss.o)
                0x00003128                __do_clear_bss
 *(SORT(.init5))
 *(SORT(.init6))
 *(SORT(.init7))
 *(SORT(.init8))
 *(SORT(.init9))
 .init9         0x0000313e      0x23c build/z1/obj/contiki-main.o
                0x0000313e                main
 *(SORT(.fini9))
 .fini9         0x0000337a        0x0 /usr/local/bin/../lib/gcc/msp430/4.7.2/mcpu-430x/mmpy-16/msr20/mc20/libcrt0.a(__stop_progExec__.o)
                0x0000337a                __stop_progExec__
 *(SORT(.fini8))
 *(SORT(.fini7))
 *(SORT(.fini6))
 *(SORT(.fini5))
 *(SORT(.fini4))
 *(SORT(.fini3))
 *(SORT(.fini2))
 *(SORT(.fini1))
 *(SORT(.fini0))
 .fini0         0x0000337a        0x6 /usr/local/bin/../lib/gcc/msp430/4.7.2/mcpu-430x/mmpy-16/msr20/mc20/libcrt0.a(_endless_loop__.o)
                0x0000337a                _endless_loop__
 *(SORT(.fini) SORT(.fini.*))
                0x00003380                . = ALIGN (0x2)
                0x00003380                __ctors_start = .
 *(SORT(.ctors))
                0x00003380                __ctors_end = .
                0x00003380                __dtors_start = .
 *(SORT(.dtors))
                0x00003380                __dtors_end = .
                0x00003380                . = ALIGN (0x2)
 *(SORT(.text) SORT(.text.*) SORT(.gnu.linkonce.t.*))
 .text          0x00003380        0x4 /usr/local/bin/../lib/gcc/msp430/4.7.2/mcpu-430x/mmpy-16/msr20/mc20/crt0ivtbl32.o
                0x00003380                __isr_14
                0x00003380                __isr_4
                0x00003380                __isr_29
                0x00003380                __isr_11
                0x00003380                __isr_5
                0x00003380                __isr_2
                0x00003380                __isr_10
                0x00003380                __isr_7
                0x00003380                __isr_0
                0x00003380                __isr_8
                0x00003380                __isr_20
                0x00003380                __isr_3
                0x00003380                __isr_12
                0x00003380                __isr_13
                0x00003380                __isr_27
                0x00003380                __isr_9
                0x00003380                __isr_30
                0x00003380                __isr_6
                0x00003380                __isr_22
                0x00003380                __isr_1
                0x00003380                __isr_15
                0x00003380                __isr_21
 .text.crt0     0x00003384        0x2 /usr/local/bin/../lib/gcc/msp430/4.7.2/mcpu-430x/mmpy-16/msr20/mc20/libcrt0.a(_unexpected_.o)
                0x00003384                _unexpected_
 .text.libgcc   0x00003386       0x26 /usr/local/bin/../lib/gcc/msp430/4.7.2/mcpu-430x/mmpy-16/msr20/mc20/libgcc.a(_mulsi3.o)
                0x00003386                __mulsi3
 .text.libgcc   0x000033ac       0x22 /usr/local/bin/../lib/gcc/msp430/4.7.2/mcpu-430x/mmpy-16/msr20/mc20/libgcc.a(_udivmod16.o)
                0x000033ac                __udivhi3
                0x000033ac                __ext_udivmod16
                0x000033c6                __umodhi3
 .text.libgcc   0x000033ce       0x3a /usr/local/bin/../lib/gcc/msp430/4.7.2/mcpu-430x/mmpy-16/msr20/mc20/libgcc.a(_divmod16.o)
                0x000033ce                __ext_divmod16
                0x000033ce                __divhi3
                0x00003400                __modhi3
 .text.libgcc   0x00003408       0x38 /usr/local/bin/../lib/gcc/msp430/4.7.2/mcpu-430x/mmpy-16/msr20/mc20/libgcc.a(_udivmod32.o)
                0x00003408                __udivsi3
                0x00003408                __ext_udivmod32
                0x00003436                __umodsi3
 .text.libgcc   0x00003440       0x4c /usr/local/bin/../lib/gcc/msp430/4.7.2/mcpu-430x/mmpy-16/msr20/mc20/libgcc.a(_divmod32.o)
                0x00003440                __ext_divmod32
                0x00003440                __divsi3
                0x00003482                __modsi3
 .text.libgcc   0x0000348c       0xbc /usr/local/bin/../lib/gcc/msp430/4.7.2/mcpu-430x/mmpy-16/msr20/mc20/libgcc.a(_udivmod64.o)
                0x0000348c                __xabi_udivmod64
                0x000034de                __udivdi3
                0x000034f8                __umoddi3
                0x0000351a                __udivmoddi4
 *(SORT(.near.text) SORT(.near.text.*))
 .near.text.port1_isr
                0x00003548       0x84 build/z1/obj/adxl345.o
                0x00003548                port1_isr
                0x00003548                __isr_18
 .near.text.irq_p2
                0x000035cc       0x3c build/z1/obj/button-sensor.o
                0x000035cc                irq_p2
                0x000035cc                __isr_19
 .near.text.cc2420_timerb1_interrupt
                0x00003608       0x26 build/z1/obj/cc2420-arch-sfd.o
                0x00003608                cc2420_timerb1_interrupt
                0x00003608                __isr_28
 .near.text.timera1
                0x0000362e       0xcc build/z1/obj/clock.o
                0x0000362e                __isr_24
                0x0000362e                timera1
 .near.text.i2c_tx_interrupt
                0x000036fa       0x84 build/z1/obj/i2cmaster.o
                0x000036fa                __isr_16
                0x000036fa                i2c_tx_interrupt
 .near.text.i2c_rx_interrupt
                0x0000377e       0x14 build/z1/obj/i2cmaster.o
                0x0000377e                i2c_rx_interrupt
                0x0000377e                __isr_17
 .near.text.timera0
                0x00003792       0x20 build/z1/obj/rtimer-arch.o
                0x00003792                __isr_25
                0x00003792                timera0
 .near.text.uart0_rx_interrupt
                0x000037b2       0x2a build/z1/obj/uart0.o
                0x000037b2                __isr_23
                0x000037b2                uart0_rx_interrupt
 .near.text.watchdog_interrupt
                0x000037dc        0x6 build/z1/obj/watchdog.o
                0x000037dc                __isr_26
                0x000037dc                watchdog_interrupt
 .any.text.status
                0x000037e2       0x12 build/z1/obj/adxl345.o
 .any.text.accm_write_reg
                0x000037f4       0x2e build/z1/obj/adxl345.o
 .any.text.accm_write_stream
                0x00003822       0x2a build/z1/obj/adxl345.o
 .any.text.accm_read_reg
                0x0000384c       0x54 build/z1/obj/adxl345.o
 .any.text.process_thread_accmeter_process
                0x000038a0       0x56 build/z1/obj/adxl345.o
 .any.text.accm_read_axis.part.0
                0x000038f6       0x5a build/z1/obj/adxl345.o
 .any.text.value
                0x00003950       0x1e build/z1/obj/adxl345.o
 .any.text.accm_init
                0x0000396e       0x78 build/z1/obj/adxl345.o
                0x0000396e                accm_init
 .any.text.accm_stop
                0x000039e6       0x32 build/z1/obj/adxl345.o
                0x000039e6                accm_stop
 .any.text.configure
                0x00003a18       0x26 build/z1/obj/adxl345.o
 .any.text.autostart_start
                0x00003a3e       0x16 build/z1/obj/autostart.o
                0x00003a3e                autostart_start
 .any.text.status
                0x00003a54       0x18 build/z1/obj/button-sensor.o
 .any.text.value
                0x00003a6c       0x1a build/z1/obj/button-sensor.o
 .any.text.configure
                0x00003a86       0x4e build/z1/obj/button-sensor.o
 .any.text.cc2420_arch_init
                0x00003ad4       0x1a build/z1/obj/cc2420-arch.o
                0x00003ad4                cc2420_arch_init
 .any.text.get_object
                0x00003aee        0x4 build/z1/obj/cc2420.o
 .any.text.set_object
                0x00003af2        0x4 build/z1/obj/cc2420.o
 .any.text.strobe
                0x00003af6       0x1a build/z1/obj/cc2420.o
 .any.text.getreg
                0x00003b10       0x46 build/z1/obj/cc2420.o
 .any.text.setreg
                0x00003b56       0x44 build/z1/obj/cc2420.o
 .any.text.write_ram
                0x00003b9a       0x72 build/z1/obj/cc2420.o
 .any.text.write_fifo_buf
                0x00003c0c       0x38 build/z1/obj/cc2420.o
 .any.text.get_status
                0x00003c44       0x1e build/z1/obj/cc2420.o
 .any.text.on   0x00003c62       0x1a build/z1/obj/cc2420.o
 .any.text.cc2420_receiving_packet
                0x00003c7c        0xa build/z1/obj/cc2420.o
 .any.text.pending_packet
                0x00003c86        0xa build/z1/obj/cc2420.o
 .any.text.wait_for_transmission
                0x00003c90       0x22 build/z1/obj/cc2420.o
 .any.text.wait_for_status
                0x00003cb2       0x24 build/z1/obj/cc2420.o
 .any.text.getrxdata
                0x00003cd6       0x4c build/z1/obj/cc2420.o
 .any.text.flushrx
                0x00003d22       0x1a build/z1/obj/cc2420.o
 .any.text.off  0x00003d3c       0x28 build/z1/obj/cc2420.o
 .any.text.RELEASE_LOCK
                0x00003d64       0x28 build/z1/obj/cc2420.o
 .any.text.set_frame_filtering
                0x00003d8c       0x30 build/z1/obj/cc2420.o
 .any.text.set_auto_ack
                0x00003dbc       0x30 build/z1/obj/cc2420.o
 .any.text.set_poll_mode
                0x00003dec       0x2c build/z1/obj/cc2420.o
 .any.text.cc2420_prepare
                0x00003e18       0x42 build/z1/obj/cc2420.o
 .any.text.cc2420_on
                0x00003e5a       0x22 build/z1/obj/cc2420.o
                0x00003e5a                cc2420_on
 .any.text.cc2420_transmit
                0x00003e7c       0x66 build/z1/obj/cc2420.o
 .any.text.cc2420_send
                0x00003ee2       0x12 build/z1/obj/cc2420.o
 .any.text.cc2420_off
                0x00003ef4       0x30 build/z1/obj/cc2420.o
                0x00003ef4                cc2420_off
 .any.text.cc2420_cca
                0x00003f24       0x54 build/z1/obj/cc2420.o
 .any.text.cc2420_read
                0x00003f78       0xba build/z1/obj/cc2420.o
 .any.text.process_thread_cc2420_process
                0x00004032       0x56 build/z1/obj/cc2420.o
 .any.text.cc2420_set_channel
                0x00004088       0x3a build/z1/obj/cc2420.o
                0x00004088                cc2420_set_channel
 .any.text.cc2420_set_pan_addr
                0x000040c2       0x4c build/z1/obj/cc2420.o
                0x000040c2                cc2420_set_pan_addr
 .any.text.cc2420_interrupt
                0x0000410e       0x16 build/z1/obj/cc2420.o
                0x0000410e                cc2420_interrupt
 .any.text.cc2420_set_txpower
                0x00004124       0x2c build/z1/obj/cc2420.o
                0x00004124                cc2420_set_txpower
 .any.text.cc2420_get_txpower
                0x00004150       0x1e build/z1/obj/cc2420.o
                0x00004150                cc2420_get_txpower
 .any.text.cc2420_rssi
                0x0000416e       0x48 build/z1/obj/cc2420.o
                0x0000416e                cc2420_rssi
 .any.text.get_value
                0x000041b6      0x11e build/z1/obj/cc2420.o
 .any.text.cc2420_set_cca_threshold
                0x000042d4       0x16 build/z1/obj/cc2420.o
                0x000042d4                cc2420_set_cca_threshold
 .any.text.set_value
                0x000042ea      0x14a build/z1/obj/cc2420.o
 .any.text.cc2420_init
                0x00004434       0xea build/z1/obj/cc2420.o
                0x00004434                cc2420_init
 .any.text.next_file
                0x0000451e       0x38 build/z1/obj/cfs-coffee.o
 .any.text.load_file
                0x00004556       0x64 build/z1/obj/cfs-coffee.o
 .any.text.read_header
                0x000045ba       0x30 build/z1/obj/cfs-coffee.o
 .any.text.write_header
                0x000045ea       0x2a build/z1/obj/cfs-coffee.o
 .any.text.header_is_valid
                0x00004614       0x3e build/z1/obj/cfs-coffee.o
 .any.text.find_file
                0x00004652       0xbc build/z1/obj/cfs-coffee.o
 .any.text.find_contiguous_pages
                0x0000470e       0x8c build/z1/obj/cfs-coffee.o
 .any.text.file_end
                0x0000479a       0xd6 build/z1/obj/cfs-coffee.o
 .any.text.remove_by_page.isra.1
                0x00004870       0xbc build/z1/obj/cfs-coffee.o
 .any.text.reserve
                0x0000492c      0x21a build/z1/obj/cfs-coffee.o
 .any.text.read_log_page
                0x00004b46      0x1d6 build/z1/obj/cfs-coffee.o
 .any.text.cfs_open
                0x00004d1c       0xa8 build/z1/obj/cfs-coffee.o
                0x00004d1c                cfs_open
 .any.text.cfs_close
                0x00004dc4       0x28 build/z1/obj/cfs-coffee.o
                0x00004dc4                cfs_close
 .any.text.cfs_seek
                0x00004dec       0x92 build/z1/obj/cfs-coffee.o
                0x00004dec                cfs_seek
 .any.text.cfs_read
                0x00004e7e      0x158 build/z1/obj/cfs-coffee.o
                0x00004e7e                cfs_read
 .any.text.merge_log
                0x00004fd6      0x1bc build/z1/obj/cfs-coffee.o
 .any.text.cfs_write
                0x00005192      0x578 build/z1/obj/cfs-coffee.o
                0x00005192                cfs_write
 .any.text.cfs_coffee_format
                0x0000570a       0x4a build/z1/obj/cfs-coffee.o
                0x0000570a                cfs_coffee_format
 .any.text.clock_time
                0x00005754       0x1a build/z1/obj/clock.o
                0x00005754                clock_time
 .any.text.clock_init
                0x0000576e       0x28 build/z1/obj/clock.o
                0x0000576e                clock_init
 .any.text.clock_delay
                0x00005796        0xc build/z1/obj/clock.o
                0x00005796                clock_delay
 .any.text.clock_wait
                0x000057a2       0x24 build/z1/obj/clock.o
                0x000057a2                clock_wait
 .any.text.clock_seconds
                0x000057c6       0x1a build/z1/obj/clock.o
                0x000057c6                clock_seconds
 .any.text.schedule_transmission
                0x000057e0       0x6a build/z1/obj/csma-output.o
 .any.text.tx_done
                0x0000584a       0x84 build/z1/obj/csma-output.o
 .any.text.transmit_from_queue
                0x000058ce      0x1ac build/z1/obj/csma-output.o
 .any.text.csma_output_packet
                0x00005a7a      0x136 build/z1/obj/csma-output.o
                0x00005a7a                csma_output_packet
 .any.text.csma_output_init
                0x00005bb0       0x1a build/z1/obj/csma-output.o
                0x00005bb0                csma_output_init
 .any.text.on   0x00005bca        0x6 build/z1/obj/csma.o
 .any.text.off  0x00005bd0        0x6 build/z1/obj/csma.o
 .any.text.max_payload
                0x00005bd6       0x38 build/z1/obj/csma.o
 .any.text.send_packet
                0x00005c0e        0x6 build/z1/obj/csma.o
 .any.text.input_packet
                0x00005c14       0x58 build/z1/obj/csma.o
 .any.text.init
                0x00005c6c       0x20 build/z1/obj/csma.o
 .any.text.process_thread_ctimer_process
                0x00005c8c       0x92 build/z1/obj/ctimer.o
 .any.text.ctimer_init
                0x00005d1e       0x10 build/z1/obj/ctimer.o
                0x00005d1e                ctimer_init
 .any.text.ctimer_set_with_process
                0x00005d2e       0x4a build/z1/obj/ctimer.o
                0x00005d2e                ctimer_set_with_process
 .any.text.ctimer_reset
                0x00005d78       0x2c build/z1/obj/ctimer.o
                0x00005d78                ctimer_reset
 .any.text.ctimer_stop
                0x00005da4       0x28 build/z1/obj/ctimer.o
                0x00005da4                ctimer_stop
 .any.text.ctimer_expired
                0x00005dcc       0x20 build/z1/obj/ctimer.o
                0x00005dcc                ctimer_expired
 .any.text.update_time
                0x00005dec       0x70 build/z1/obj/etimer.o
 .any.text.etimer_request_poll
                0x00005e5c        0xa build/z1/obj/etimer.o
                0x00005e5c                etimer_request_poll
 .any.text.process_thread_etimer_process
                0x00005e66       0xc4 build/z1/obj/etimer.o
 .any.text.add_timer
                0x00005f2a       0x40 build/z1/obj/etimer.o
 .any.text.etimer_set
                0x00005f6a       0x12 build/z1/obj/etimer.o
                0x00005f6a                etimer_set
 .any.text.etimer_reset
                0x00005f7c       0x12 build/z1/obj/etimer.o
                0x00005f7c                etimer_reset
 .any.text.etimer_pending
                0x00005f8e        0xc build/z1/obj/etimer.o
                0x00005f8e                etimer_pending
 .any.text.etimer_next_expiration_time
                0x00005f9a       0x16 build/z1/obj/etimer.o
                0x00005f9a                etimer_next_expiration_time
 .any.text.etimer_stop
                0x00005fb0       0x3e build/z1/obj/etimer.o
                0x00005fb0                etimer_stop
 .any.text.frame802154_get_pan_id
                0x00005fee        0x6 build/z1/obj/frame802154.o
                0x00005fee                frame802154_get_pan_id
 .any.text.frame802154_has_panid
                0x00005ff4       0xe0 build/z1/obj/frame802154.o
                0x00005ff4                frame802154_has_panid
 .any.text.field_len
                0x000060d4       0xa6 build/z1/obj/frame802154.o
 .any.text.frame802154_is_broadcast_addr
                0x0000617a       0x28 build/z1/obj/frame802154.o
                0x0000617a                frame802154_is_broadcast_addr
 .any.text.frame802154_hdrlen
                0x000061a2       0x32 build/z1/obj/frame802154.o
                0x000061a2                frame802154_hdrlen
 .any.text.frame802154_create_fcf
                0x000061d4       0x6e build/z1/obj/frame802154.o
                0x000061d4                frame802154_create_fcf
 .any.text.frame802154_create
                0x00006242       0xbe build/z1/obj/frame802154.o
                0x00006242                frame802154_create
 .any.text.frame802154_parse_fcf
                0x00006300       0x8c build/z1/obj/frame802154.o
                0x00006300                frame802154_parse_fcf
 .any.text.frame802154_parse
                0x0000638c      0x15c build/z1/obj/frame802154.o
                0x0000638c                frame802154_parse
 .any.text.parse
                0x000064e8       0x9e build/z1/obj/framer-802154.o
 .any.text.framer_802154_setup_params
                0x00006586       0xae build/z1/obj/framer-802154.o
                0x00006586                framer_802154_setup_params
 .any.text.create_frame
                0x00006634       0x9e build/z1/obj/framer-802154.o
 .any.text.create
                0x000066d2        0x8 build/z1/obj/framer-802154.o
 .any.text.hdr_length
                0x000066da        0x8 build/z1/obj/framer-802154.o
 .any.text.i2c_receiveinit
                0x000066e2       0x36 build/z1/obj/i2cmaster.o
                0x000066e2                i2c_receiveinit
 .any.text.i2c_transmitinit
                0x00006718       0x30 build/z1/obj/i2cmaster.o
                0x00006718                i2c_transmitinit
 .any.text.i2c_receive_n
                0x00006748       0x3e build/z1/obj/i2cmaster.o
                0x00006748                i2c_receive_n
 .any.text.i2c_busy
                0x00006786        0xa build/z1/obj/i2cmaster.o
                0x00006786                i2c_busy
 .any.text.i2c_enable
                0x00006790       0x22 build/z1/obj/i2cmaster.o
                0x00006790                i2c_enable
 .any.text.i2c_transmit_n
                0x000067b2       0x14 build/z1/obj/i2cmaster.o
                0x000067b2                i2c_transmit_n
 .any.text.leds_arch_init
                0x000067c6        0xe build/z1/obj/leds-arch.o
                0x000067c6                leds_arch_init
 .any.text.leds_arch_get
                0x000067d4       0x34 build/z1/obj/leds-arch.o
                0x000067d4                leds_arch_get
 .any.text.leds_arch_set
                0x00006808       0x3e build/z1/obj/leds-arch.o
                0x00006808                leds_arch_set
 .any.text.leds_init
                0x00006846        0x6 build/z1/obj/leds.o
                0x00006846                leds_init
 .any.text.leds_on
                0x0000684c       0x12 build/z1/obj/leds.o
                0x0000684c                leds_on
 .any.text.leds_off
                0x0000685e       0x12 build/z1/obj/leds.o
                0x0000685e                leds_off
 .any.text.periodic
                0x00006870       0x2c build/z1/obj/link-stats.o
 .any.text.link_stats_from_lladdr
                0x0000689c        0xc build/z1/obj/link-stats.o
                0x0000689c                link_stats_from_lladdr
 .any.text.link_stats_is_fresh
                0x000068a8       0x30 build/z1/obj/link-stats.o
                0x000068a8                link_stats_is_fresh
 .any.text.link_stats_packet_sent
                0x000068d8       0xe2 build/z1/obj/link-stats.o
                0x000068d8                link_stats_packet_sent
 .any.text.link_stats_input_callback
                0x000069ba       0xf6 build/z1/obj/link-stats.o
                0x000069ba                link_stats_input_callback
 .any.text.link_stats_reset
                0x00006ab0       0x2a build/z1/obj/link-stats.o
                0x00006ab0                link_stats_reset
 .any.text.link_stats_init
                0x00006ada       0x26 build/z1/obj/link-stats.o
                0x00006ada                link_stats_init
 .any.text.linkaddr_copy
                0x00006b00        0x8 build/z1/obj/linkaddr.o
                0x00006b00                linkaddr_copy
 .any.text.linkaddr_cmp
                0x00006b08       0x12 build/z1/obj/linkaddr.o
                0x00006b08                linkaddr_cmp
 .any.text.list_tail
                0x00006b1a       0x12 build/z1/obj/list.o
                0x00006b1a                list_tail
 .any.text.list_remove
                0x00006b2c       0x34 build/z1/obj/list.o
                0x00006b2c                list_remove
 .any.text.list_push
                0x00006b60       0x16 build/z1/obj/list.o
                0x00006b60                list_push
 .any.text.list_add
                0x00006b76       0x26 build/z1/obj/list.o
                0x00006b76                list_add
 .any.text.list_length
                0x00006b9c       0x10 build/z1/obj/list.o
                0x00006b9c                list_length
 .any.text.list_contains
                0x00006bac       0x12 build/z1/obj/list.o
                0x00006bac                list_contains
 .any.text.log_6addr
                0x00006bbe       0x32 build/z1/obj/log.o
                0x00006bbe                log_6addr
 .any.text.log_lladdr
                0x00006bf0       0x40 build/z1/obj/log.o
                0x00006bf0                log_lladdr
 .any.text.mac_sequence_init
                0x00006c30        0xa build/z1/obj/mac-sequence.o
                0x00006c30                mac_sequence_init
 .any.text.mac_sequence_set_dsn
                0x00006c3a       0x18 build/z1/obj/mac-sequence.o
                0x00006c3a                mac_sequence_set_dsn
 .any.text.mac_sequence_is_duplicate
                0x00006c52       0x6e build/z1/obj/mac-sequence.o
                0x00006c52                mac_sequence_is_duplicate
 .any.text.mac_sequence_register_seqno
                0x00006cc0       0x86 build/z1/obj/mac-sequence.o
                0x00006cc0                mac_sequence_register_seqno
 .any.text.memb_init
                0x00006d46       0x36 build/z1/obj/memb.o
                0x00006d46                memb_init
 .any.text.memb_alloc
                0x00006d7c       0x3e build/z1/obj/memb.o
                0x00006d7c                memb_alloc
 .any.text.memb_free
                0x00006dba       0x32 build/z1/obj/memb.o
                0x00006dba                memb_free
 .any.text.memb_inmemb
                0x00006dec       0x2a build/z1/obj/memb.o
                0x00006dec                memb_inmemb
 .any.text.memb_numfree
                0x00006e16       0x26 build/z1/obj/memb.o
                0x00006e16                memb_numfree
 .any.text.msp430_init_dco
                0x00006e3c       0x28 build/z1/obj/msp430.o
                0x00006e3c                msp430_init_dco
 .any.text.splhigh_
                0x00006e64        0xa build/z1/obj/msp430.o
                0x00006e64                splhigh_
 .any.text.msp430_sync_dco
                0x00006e6e       0x6e build/z1/obj/msp430.o
                0x00006e6e                msp430_sync_dco
 .any.text.msp430_cpu_init
                0x00006edc       0x2e build/z1/obj/msp430.o
                0x00006edc                msp430_cpu_init
 .any.text.item_from_index
                0x00006f0a       0x2a build/z1/obj/nbr-table.o
 .any.text.index_from_key
                0x00006f34       0x26 build/z1/obj/nbr-table.o
 .any.text.index_from_item
                0x00006f5a       0x1e build/z1/obj/nbr-table.o
 .any.text.nbr_set_bit
                0x00006f78       0x4c build/z1/obj/nbr-table.o
 .any.text.index_from_lladdr
                0x00006fc4       0x34 build/z1/obj/nbr-table.o
 .any.text.nbr_get_bit.constprop.3
                0x00006ff8       0x28 build/z1/obj/nbr-table.o
 .any.text.remove_key
                0x00007020       0x70 build/z1/obj/nbr-table.o
 .any.text.nbr_table_is_registered
                0x00007090       0x22 build/z1/obj/nbr-table.o
                0x00007090                nbr_table_is_registered
 .any.text.nbr_table_register
                0x000070b2       0x3c build/z1/obj/nbr-table.o
                0x000070b2                nbr_table_register
 .any.text.nbr_table_next
                0x000070ee       0x4e build/z1/obj/nbr-table.o
                0x000070ee                nbr_table_next
 .any.text.nbr_table_head
                0x0000713c       0x32 build/z1/obj/nbr-table.o
                0x0000713c                nbr_table_head
 .any.text.nbr_table_get_from_lladdr
                0x0000716e       0x28 build/z1/obj/nbr-table.o
                0x0000716e                nbr_table_get_from_lladdr
 .any.text.entry_is_allowed.isra.2
                0x00007196       0x6c build/z1/obj/nbr-table.o
 .any.text.nbr_table_add_lladdr
                0x00007202       0xb2 build/z1/obj/nbr-table.o
                0x00007202                nbr_table_add_lladdr
 .any.text.nbr_table_remove
                0x000072b4       0x2a build/z1/obj/nbr-table.o
                0x000072b4                nbr_table_remove
 .any.text.nbr_table_lock
                0x000072de       0x10 build/z1/obj/nbr-table.o
                0x000072de                nbr_table_lock
 .any.text.nbr_table_unlock
                0x000072ee       0x10 build/z1/obj/nbr-table.o
                0x000072ee                nbr_table_unlock
 .any.text.nbr_table_get_lladdr
                0x000072fe       0x20 build/z1/obj/nbr-table.o
                0x000072fe                nbr_table_get_lladdr
 .any.text.netstack_process_ip_callback
                0x0000731e       0x40 build/z1/obj/netstack.o
                0x0000731e                netstack_process_ip_callback
 .any.text.node_id_z1_restore
                0x0000735e       0x4c build/z1/obj/node-id-z1.o
                0x0000735e                node_id_z1_restore
 .any.text.packetbuf_hdrreduce
                0x000073aa       0x1a build/z1/obj/packetbuf.o
                0x000073aa                packetbuf_hdrreduce
 .any.text.packetbuf_set_datalen
                0x000073c4        0x6 build/z1/obj/packetbuf.o
                0x000073c4                packetbuf_set_datalen
 .any.text.packetbuf_hdrptr
                0x000073ca        0x6 build/z1/obj/packetbuf.o
                0x000073ca                packetbuf_hdrptr
 .any.text.packetbuf_datalen
                0x000073d0        0x6 build/z1/obj/packetbuf.o
                0x000073d0                packetbuf_datalen
 .any.text.packetbuf_hdrlen
                0x000073d6        0xa build/z1/obj/packetbuf.o
                0x000073d6                packetbuf_hdrlen
 .any.text.packetbuf_dataptr
                0x000073e0        0xc build/z1/obj/packetbuf.o
                0x000073e0                packetbuf_dataptr
 .any.text.packetbuf_copyto
                0x000073ec       0x3a build/z1/obj/packetbuf.o
                0x000073ec                packetbuf_copyto
 .any.text.packetbuf_totlen
                0x00007426        0xc build/z1/obj/packetbuf.o
                0x00007426                packetbuf_totlen
 .any.text.packetbuf_hdralloc
                0x00007432       0x3c build/z1/obj/packetbuf.o
                0x00007432                packetbuf_hdralloc
 .any.text.packetbuf_attr_clear
                0x0000746e       0x28 build/z1/obj/packetbuf.o
                0x0000746e                packetbuf_attr_clear
 .any.text.packetbuf_clear
                0x00007496       0x12 build/z1/obj/packetbuf.o
                0x00007496                packetbuf_clear
 .any.text.packetbuf_copyfrom
                0x000074a8       0x2a build/z1/obj/packetbuf.o
                0x000074a8                packetbuf_copyfrom
 .any.text.packetbuf_attr_copyto
                0x000074d2       0x22 build/z1/obj/packetbuf.o
                0x000074d2                packetbuf_attr_copyto
 .any.text.packetbuf_attr_copyfrom
                0x000074f4       0x24 build/z1/obj/packetbuf.o
                0x000074f4                packetbuf_attr_copyfrom
 .any.text.packetbuf_set_attr
                0x00007518        0xa build/z1/obj/packetbuf.o
                0x00007518                packetbuf_set_attr
 .any.text.packetbuf_attr
                0x00007522        0xa build/z1/obj/packetbuf.o
                0x00007522                packetbuf_attr
 .any.text.packetbuf_set_addr
                0x0000752c       0x12 build/z1/obj/packetbuf.o
                0x0000752c                packetbuf_set_addr
 .any.text.packetbuf_addr
                0x0000753e        0xe build/z1/obj/packetbuf.o
                0x0000753e                packetbuf_addr
 .any.text.packetbuf_holds_broadcast
                0x0000754c        0xe build/z1/obj/packetbuf.o
                0x0000754c                packetbuf_holds_broadcast
 .any.text.platform_init_stage_one
                0x0000755a       0x12 build/z1/obj/platform.o
                0x0000755a                platform_init_stage_one
 .any.text.platform_init_stage_two
                0x0000756c       0xb0 build/z1/obj/platform.o
                0x0000756c                platform_init_stage_two
 .any.text.platform_init_stage_three
                0x0000761c       0x78 build/z1/obj/platform.o
                0x0000761c                platform_init_stage_three
 .any.text.platform_idle
                0x00007694       0x54 build/z1/obj/platform.o
                0x00007694                platform_idle
 .any.text.call_process
                0x000076e8       0x40 build/z1/obj/process.o
 .any.text.exit_process
                0x00007728       0x8e build/z1/obj/process.o
 .any.text.do_poll
                0x000077b6       0x30 build/z1/obj/process.o
 .any.text.process_alloc_event
                0x000077e6       0x18 build/z1/obj/process.o
                0x000077e6                process_alloc_event
 .any.text.process_init
                0x000077fe        0x8 build/z1/obj/process.o
                0x000077fe                process_init
 .any.text.process_run
                0x00007806       0x86 build/z1/obj/process.o
                0x00007806                process_run
 .any.text.process_nevents
                0x0000788c        0xa build/z1/obj/process.o
                0x0000788c                process_nevents
 .any.text.process_post
                0x00007896       0x4a build/z1/obj/process.o
                0x00007896                process_post
 .any.text.process_post_synch
                0x000078e0       0x12 build/z1/obj/process.o
                0x000078e0                process_post_synch
 .any.text.process_start
                0x000078f2       0x36 build/z1/obj/process.o
                0x000078f2                process_start
 .any.text.process_poll
                0x00007928       0x18 build/z1/obj/process.o
                0x00007928                process_poll
 .any.text.queuebuf_init
                0x00007940       0x12 build/z1/obj/queuebuf.o
                0x00007940                queuebuf_init
 .any.text.queuebuf_numfree
                0x00007952        0xa build/z1/obj/queuebuf.o
                0x00007952                queuebuf_numfree
 .any.text.queuebuf_new_from_packetbuf
                0x0000795c       0x4e build/z1/obj/queuebuf.o
                0x0000795c                queuebuf_new_from_packetbuf
 .any.text.queuebuf_update_attr_from_packetbuf
                0x000079aa       0x12 build/z1/obj/queuebuf.o
                0x000079aa                queuebuf_update_attr_from_packetbuf
 .any.text.queuebuf_free
                0x000079bc       0x2a build/z1/obj/queuebuf.o
                0x000079bc                queuebuf_free
 .any.text.queuebuf_to_packetbuf
                0x000079e6       0x32 build/z1/obj/queuebuf.o
                0x000079e6                queuebuf_to_packetbuf
 .any.text.random_init
                0x00007a18       0x16 build/z1/obj/random.o
                0x00007a18                random_init
 .any.text.rpl_dag_root_set_prefix
                0x00007a2e       0x5e build/z1/obj/rpl-dag-root.o
                0x00007a2e                rpl_dag_root_set_prefix
 .any.text.rpl_dag_root_start
                0x00007a8c       0x82 build/z1/obj/rpl-dag-root.o
                0x00007a8c                rpl_dag_root_start
 .any.text.rpl_dag_root_is_root
                0x00007b0e       0x14 build/z1/obj/rpl-dag-root.o
                0x00007b0e                rpl_dag_root_is_root
 .any.text.init_dag
                0x00007b22       0x78 build/z1/obj/rpl-dag.o
 .any.text.process_dio_init_dag
                0x00007b9a       0xb0 build/z1/obj/rpl-dag.o
 .any.text.rpl_dag_get_root_ipaddr
                0x00007c4a       0x1e build/z1/obj/rpl-dag.o
                0x00007c4a                rpl_dag_get_root_ipaddr
 .any.text.rpl_dag_leave
                0x00007c68       0x4a build/z1/obj/rpl-dag.o
                0x00007c68                rpl_dag_leave
 .any.text.rpl_dag_poison_and_leave
                0x00007cb2        0xc build/z1/obj/rpl-dag.o
                0x00007cb2                rpl_dag_poison_and_leave
 .any.text.rpl_dag_periodic
                0x00007cbe       0x6a build/z1/obj/rpl-dag.o
                0x00007cbe                rpl_dag_periodic
 .any.text.rpl_is_addr_in_our_dag
                0x00007d28       0x26 build/z1/obj/rpl-dag.o
                0x00007d28                rpl_is_addr_in_our_dag
 .any.text.rpl_local_repair
                0x00007d4e       0x2a build/z1/obj/rpl-dag.o
                0x00007d4e                rpl_local_repair
 .any.text.rpl_global_repair
                0x00007d78       0x2e build/z1/obj/rpl-dag.o
                0x00007d78                rpl_global_repair
 .any.text.rpl_dag_ready_to_advertise
                0x00007da6       0x22 build/z1/obj/rpl-dag.o
                0x00007da6                rpl_dag_ready_to_advertise
 .any.text.rpl_dag_update_state
                0x00007dc8      0x13c build/z1/obj/rpl-dag.o
                0x00007dc8                rpl_dag_update_state
 .any.text.rpl_process_dio
                0x00007f04      0x19e build/z1/obj/rpl-dag.o
                0x00007f04                rpl_process_dio
 .any.text.rpl_process_dis
                0x000080a2       0x2a build/z1/obj/rpl-dag.o
                0x000080a2                rpl_process_dis
 .any.text.rpl_process_dao
                0x000080cc       0x66 build/z1/obj/rpl-dag.o
                0x000080cc                rpl_process_dao
 .any.text.rpl_process_dao_ack
                0x00008132       0x50 build/z1/obj/rpl-dag.o
                0x00008132                rpl_process_dao_ack
 .any.text.rpl_process_hbh
                0x00008182       0x26 build/z1/obj/rpl-dag.o
                0x00008182                rpl_process_hbh
 .any.text.rpl_dag_init_root
                0x000081a8       0xac build/z1/obj/rpl-dag.o
                0x000081a8                rpl_dag_init_root
 .any.text.rpl_dag_init
                0x00008254       0x10 build/z1/obj/rpl-dag.o
                0x00008254                rpl_dag_init
 .any.text.update_hbh_header
                0x00008264       0x4a build/z1/obj/rpl-ext-header.o
 .any.text.rpl_ext_header_srh_get_next_hop
                0x000082ae       0x7c build/z1/obj/rpl-ext-header.o
                0x000082ae                rpl_ext_header_srh_get_next_hop
 .any.text.rpl_ext_header_srh_update
                0x0000832a      0x20e build/z1/obj/rpl-ext-header.o
                0x0000832a                rpl_ext_header_srh_update
 .any.text.rpl_ext_header_hbh_update
                0x00008538       0x90 build/z1/obj/rpl-ext-header.o
                0x00008538                rpl_ext_header_hbh_update
 .any.text.rpl_ext_header_remove
                0x000085c8       0xc0 build/z1/obj/rpl-ext-header.o
                0x000085c8                rpl_ext_header_remove
 .any.text.rpl_ext_header_update
                0x00008688      0x266 build/z1/obj/rpl-ext-header.o
                0x00008688                rpl_ext_header_update
 .any.text.get32
                0x000088ee       0x3e build/z1/obj/rpl-icmp6.o
 .any.text.set32
                0x0000892c       0x2a build/z1/obj/rpl-icmp6.o
 .any.text.get16
                0x00008956        0xe build/z1/obj/rpl-icmp6.o
 .any.text.set16
                0x00008964       0x10 build/z1/obj/rpl-icmp6.o
 .any.text.dao_ack_input
                0x00008974       0x30 build/z1/obj/rpl-icmp6.o
 .any.text.dao_input
                0x000089a4      0x158 build/z1/obj/rpl-icmp6.o
 .any.text.dio_input
                0x00008afc      0x292 build/z1/obj/rpl-icmp6.o
 .any.text.dis_input
                0x00008d8e       0x1e build/z1/obj/rpl-icmp6.o
 .any.text.rpl_icmp6_update_nbr_table
                0x00008dac       0x2e build/z1/obj/rpl-icmp6.o
                0x00008dac                rpl_icmp6_update_nbr_table
 .any.text.rpl_icmp6_dis_output
                0x00008dda       0x34 build/z1/obj/rpl-icmp6.o
                0x00008dda                rpl_icmp6_dis_output
 .any.text.rpl_icmp6_dio_output
                0x00008e0e      0x20a build/z1/obj/rpl-icmp6.o
                0x00008e0e                rpl_icmp6_dio_output
 .any.text.rpl_icmp6_dao_output
                0x00009018       0xd6 build/z1/obj/rpl-icmp6.o
                0x00009018                rpl_icmp6_dao_output
 .any.text.rpl_icmp6_dao_ack_output
                0x000090ee       0x46 build/z1/obj/rpl-icmp6.o
                0x000090ee                rpl_icmp6_dao_ack_output
 .any.text.rpl_icmp6_init
                0x00009134       0x22 build/z1/obj/rpl-icmp6.o
                0x00009134                rpl_icmp6_init
 .any.text.reset
                0x00009156        0x2 build/z1/obj/rpl-mrhof.o
 .any.text.update_metric_container
                0x00009158        0x6 build/z1/obj/rpl-mrhof.o
 .any.text.nbr_link_metric
                0x0000915e       0x12 build/z1/obj/rpl-mrhof.o
 .any.text.nbr_has_usable_link
                0x00009170       0x14 build/z1/obj/rpl-mrhof.o
 .any.text.nbr_path_cost
                0x00009184       0x34 build/z1/obj/rpl-mrhof.o
 .any.text.within_hysteresis
                0x000091b8       0x4c build/z1/obj/rpl-mrhof.o
 .any.text.nbr_is_acceptable_parent
                0x00009204       0x28 build/z1/obj/rpl-mrhof.o
 .any.text.rank_via_nbr
                0x0000922c       0x40 build/z1/obj/rpl-mrhof.o
 .any.text.best_parent
                0x0000926c       0x74 build/z1/obj/rpl-mrhof.o
 .any.text.get_rank
                0x000092e0       0x16 build/z1/obj/rpl-nbr-policy.o
 .any.text.rpl_nbr_gc_get_worst
                0x000092f6       0x20 build/z1/obj/rpl-nbr-policy.o
                0x000092f6                rpl_nbr_gc_get_worst
 .any.text.remove_neighbor
                0x00009316       0x24 build/z1/obj/rpl-neighbor.o
 .any.text.rpl_neighbor_get_from_lladdr
                0x0000933a        0xc build/z1/obj/rpl-neighbor.o
                0x0000933a                rpl_neighbor_get_from_lladdr
 .any.text.rpl_neighbor_rank_via_nbr
                0x00009346       0x18 build/z1/obj/rpl-neighbor.o
                0x00009346                rpl_neighbor_rank_via_nbr
 .any.text.rpl_neighbor_get_lladdr
                0x0000935e        0xc build/z1/obj/rpl-neighbor.o
                0x0000935e                rpl_neighbor_get_lladdr
 .any.text.rpl_neighbor_get_ipaddr
                0x0000936a        0xa build/z1/obj/rpl-neighbor.o
                0x0000936a                rpl_neighbor_get_ipaddr
 .any.text.rpl_neighbor_get_link_stats
                0x00009374        0xa build/z1/obj/rpl-neighbor.o
                0x00009374                rpl_neighbor_get_link_stats
 .any.text.rpl_neighbor_is_fresh
                0x0000937e        0xa build/z1/obj/rpl-neighbor.o
                0x0000937e                rpl_neighbor_is_fresh
 .any.text.best_parent
                0x00009388       0x9c build/z1/obj/rpl-neighbor.o
 .any.text.rpl_neighbor_set_preferred_parent
                0x00009424       0x48 build/z1/obj/rpl-neighbor.o
                0x00009424                rpl_neighbor_set_preferred_parent
 .any.text.rpl_neighbor_remove_all
                0x0000946c       0x30 build/z1/obj/rpl-neighbor.o
                0x0000946c                rpl_neighbor_remove_all
 .any.text.rpl_neighbor_get_from_ipaddr
                0x0000949c       0x14 build/z1/obj/rpl-neighbor.o
                0x0000949c                rpl_neighbor_get_from_ipaddr
 .any.text.rpl_neighbor_select_best
                0x000094b0       0x54 build/z1/obj/rpl-neighbor.o
                0x000094b0                rpl_neighbor_select_best
 .any.text.rpl_neighbor_init
                0x00009504        0xe build/z1/obj/rpl-neighbor.o
                0x00009504                rpl_neighbor_init
 .any.text.random_rand
                0x00009512        0x6 build/z1/obj/rpl-timers.o
 .any.text.handle_state_update
                0x00009518        0x6 build/z1/obj/rpl-timers.o
 .any.text.handle_leaving_timer
                0x0000951e        0xc build/z1/obj/rpl-timers.o
 .any.text.handle_unicast_dio_timer
                0x0000952a       0x12 build/z1/obj/rpl-timers.o
 .any.text.handle_dao_ack_timer
                0x0000953c       0x12 build/z1/obj/rpl-timers.o
 .any.text.ctimer_set.constprop.3
                0x0000954e        0xe build/z1/obj/rpl-timers.o
 .any.text.new_dio_interval
                0x0000955c       0x82 build/z1/obj/rpl-timers.o
 .any.text.handle_dio_timer
                0x000095de       0x6a build/z1/obj/rpl-timers.o
 .any.text.schedule_dao_retransmission
                0x00009648       0x2c build/z1/obj/rpl-timers.o
 .any.text.send_new_dao
                0x00009674       0x28 build/z1/obj/rpl-timers.o
 .any.text.resend_dao
                0x0000969c       0x24 build/z1/obj/rpl-timers.o
 .any.text.rpl_timers_schedule_periodic_dis
                0x000096c0       0x38 build/z1/obj/rpl-timers.o
                0x000096c0                rpl_timers_schedule_periodic_dis
 .any.text.handle_periodic_timer
                0x000096f8       0x3a build/z1/obj/rpl-timers.o
 .any.text.handle_dis_timer
                0x00009732       0x26 build/z1/obj/rpl-timers.o
 .any.text.rpl_timers_dio_reset
                0x00009758       0x2e build/z1/obj/rpl-timers.o
                0x00009758                rpl_timers_dio_reset
 .any.text.rpl_timers_schedule_unicast_dio
                0x00009786       0x1c build/z1/obj/rpl-timers.o
                0x00009786                rpl_timers_schedule_unicast_dio
 .any.text.rpl_timers_schedule_dao
                0x000097a2       0x34 build/z1/obj/rpl-timers.o
                0x000097a2                rpl_timers_schedule_dao
 .any.text.rpl_timers_schedule_dao_ack
                0x000097d6       0x30 build/z1/obj/rpl-timers.o
                0x000097d6                rpl_timers_schedule_dao_ack
 .any.text.rpl_timers_notify_dao_ack
                0x00009806       0x7a build/z1/obj/rpl-timers.o
                0x00009806                rpl_timers_notify_dao_ack
 .any.text.get_probing_delay
                0x00009880       0x1c build/z1/obj/rpl-timers.o
                0x00009880                get_probing_delay
 .any.text.get_probing_target
                0x0000989c       0xda build/z1/obj/rpl-timers.o
                0x0000989c                get_probing_target
 .any.text.rpl_schedule_probing
                0x00009976       0x1c build/z1/obj/rpl-timers.o
                0x00009976                rpl_schedule_probing
 .any.text.handle_probing_timer
                0x00009992       0x26 build/z1/obj/rpl-timers.o
 .any.text.rpl_schedule_probing_now
                0x000099b8       0x20 build/z1/obj/rpl-timers.o
                0x000099b8                rpl_schedule_probing_now
 .any.text.rpl_timers_unschedule_leaving
                0x000099d8       0x1c build/z1/obj/rpl-timers.o
                0x000099d8                rpl_timers_unschedule_leaving
 .any.text.rpl_timers_schedule_leaving
                0x000099f4       0x26 build/z1/obj/rpl-timers.o
                0x000099f4                rpl_timers_schedule_leaving
 .any.text.rpl_timers_init
                0x00009a1a       0x18 build/z1/obj/rpl-timers.o
                0x00009a1a                rpl_timers_init
 .any.text.rpl_timers_stop_dag_timers
                0x00009a32       0x4c build/z1/obj/rpl-timers.o
                0x00009a32                rpl_timers_stop_dag_timers
 .any.text.rpl_timers_schedule_state_update
                0x00009a7e       0x18 build/z1/obj/rpl-timers.o
                0x00009a7e                rpl_timers_schedule_state_update
 .any.text.rpl_has_joined
                0x00009a96       0x12 build/z1/obj/rpl.o
                0x00009a96                rpl_has_joined
 .any.text.rpl_is_reachable
                0x00009aa8       0x12 build/z1/obj/rpl.o
                0x00009aa8                rpl_is_reachable
 .any.text.neighbor_state_changed
                0x00009aba        0x2 build/z1/obj/rpl.o
 .any.text.drop_route
                0x00009abc        0x2 build/z1/obj/rpl.o
 .any.text.rpl_get_leaf_only
                0x00009abe        0x6 build/z1/obj/rpl.o
                0x00009abe                rpl_get_leaf_only
 .any.text.get_sr_node_ipaddr
                0x00009ac4       0x30 build/z1/obj/rpl.o
 .any.text.init
                0x00009af4       0x42 build/z1/obj/rpl.o
 .any.text.set_ip_from_prefix
                0x00009b36       0x30 build/z1/obj/rpl.o
 .any.text.rpl_link_callback
                0x00009b66       0x1e build/z1/obj/rpl.o
                0x00009b66                rpl_link_callback
 .any.text.rpl_lollipop_greater_than
                0x00009b84       0x3c build/z1/obj/rpl.o
                0x00009b84                rpl_lollipop_greater_than
 .any.text.rpl_get_global_address
                0x00009bc0       0x8c build/z1/obj/rpl.o
                0x00009bc0                rpl_get_global_address
 .any.text.rpl_reset_prefix
                0x00009c4c       0x24 build/z1/obj/rpl.o
                0x00009c4c                rpl_reset_prefix
 .any.text.rpl_set_prefix_from_addr
                0x00009c70       0x80 build/z1/obj/rpl.o
                0x00009c70                rpl_set_prefix_from_addr
 .any.text.rtimer_arch_init
                0x00009cf0        0xe build/z1/obj/rtimer-arch.o
                0x00009cf0                rtimer_arch_init
 .any.text.rtimer_arch_now
                0x00009cfe        0xe build/z1/obj/rtimer-arch.o
                0x00009cfe                rtimer_arch_now
 .any.text.rtimer_run_next
                0x00009d0c       0x18 build/z1/obj/rtimer.o
                0x00009d0c                rtimer_run_next
 .any.text.process_thread_sensors_process
                0x00009d24       0xc2 build/z1/obj/sensors.o
 .any.text.sensors_changed
                0x00009de6       0x2a build/z1/obj/sensors.o
                0x00009de6                sensors_changed
 .any.text.rand
                0x00009e10       0x46 build/z1/obj/sfc16-prng.o
 .any.text.seed
                0x00009e56       0x22 build/z1/obj/sfc16-prng.o
 .any.text.clear_fragments
                0x00009e78       0x40 build/z1/obj/sicslowpan.o
 .any.text.addr_context_lookup_by_number
                0x00009eb8       0x16 build/z1/obj/sicslowpan.o
 .any.text.sicslowpan_init
                0x00009ece       0x18 build/z1/obj/sicslowpan.o
                0x00009ece                sicslowpan_init
 .any.text.set_packet_attrs
                0x00009ee6       0x66 build/z1/obj/sicslowpan.o
 .any.text.compress_addr_64
                0x00009f4c       0x9a build/z1/obj/sicslowpan.o
 .any.text.addr_context_lookup_by_prefix
                0x00009fe6       0x20 build/z1/obj/sicslowpan.o
 .any.text.send_packet
                0x0000a006       0x10 build/z1/obj/sicslowpan.o
 .any.text.fragment_copy_payload_and_send
                0x0000a016       0x54 build/z1/obj/sicslowpan.o
 .any.text.packet_sent
                0x0000a06a       0x4e build/z1/obj/sicslowpan.o
 .any.text.store_fragment
                0x0000a0b8       0x72 build/z1/obj/sicslowpan.o
 .any.text.add_fragment
                0x0000a12a      0x1e8 build/z1/obj/sicslowpan.o
 .any.text.uncompress_addr
                0x0000a312       0xb0 build/z1/obj/sicslowpan.o
 .any.text.output
                0x0000a3c2      0x742 build/z1/obj/sicslowpan.o
 .any.text.input
                0x0000ab04      0x99c build/z1/obj/sicslowpan.o
 .any.text.process_thread_simple_udp_process
                0x0000b4a0       0xa8 build/z1/obj/simple-udp.o
 .any.text.simple_udp_sendto
                0x0000b548       0x28 build/z1/obj/simple-udp.o
                0x0000b548                simple_udp_sendto
 .any.text.simple_udp_register
                0x0000b570       0x8c build/z1/obj/simple-udp.o
                0x0000b570                simple_udp_register
 .any.text.spi_init
                0x0000b5fc       0x32 build/z1/obj/spi-legacy.o
                0x0000b5fc                spi_init
 .any.text.stack_check_init
                0x0000b62e       0x2e build/z1/obj/stack-check.o
                0x0000b62e                stack_check_init
 .any.text.stack_check_get_usage
                0x0000b65c       0x46 build/z1/obj/stack-check.o
                0x0000b65c                stack_check_get_usage
 .any.text.process_thread_stack_check_process
                0x0000b6a2       0x88 build/z1/obj/stack-check.o
 .any.text.stimer_expired
                0x0000b72a       0x30 build/z1/obj/stimer.o
                0x0000b72a                stimer_expired
 .any.text.tcpip_output
                0x0000b75a       0x22 build/z1/obj/tcpip.o
                0x0000b75a                tcpip_output
 .any.text.udp_new
                0x0000b77c       0x1a build/z1/obj/tcpip.o
                0x0000b77c                udp_new
 .any.text.tcpip_input
                0x0000b796       0x1e build/z1/obj/tcpip.o
                0x0000b796                tcpip_input
 .any.text.tcpip_ipv6_output
                0x0000b7b4      0x10c build/z1/obj/tcpip.o
                0x0000b7b4                tcpip_ipv6_output
 .any.text.packet_input.part.3
                0x0000b8c0       0x12 build/z1/obj/tcpip.o
 .any.text.process_thread_tcpip_process
                0x0000b8d2       0xb0 build/z1/obj/tcpip.o
 .any.text.tcpip_uipcall
                0x0000b982       0x2a build/z1/obj/tcpip.o
                0x0000b982                tcpip_uipcall
 .any.text.timer_set
                0x0000b9ac       0x1c build/z1/obj/timer.o
                0x0000b9ac                timer_set
 .any.text.timer_expired
                0x0000b9c8       0x2a build/z1/obj/timer.o
                0x0000b9c8                timer_expired
 .any.text.timer_reset
                0x0000b9f2       0x1c build/z1/obj/timer.o
                0x0000b9f2                timer_reset
 .any.text.status
                0x0000ba0e       0x12 build/z1/obj/tmp102.o
 .any.text.tmp102_init
                0x0000ba20       0x24 build/z1/obj/tmp102.o
                0x0000ba20                tmp102_init
 .any.text.tmp102_stop
                0x0000ba44        0xa build/z1/obj/tmp102.o
                0x0000ba44                tmp102_stop
 .any.text.configure
                0x0000ba4e       0x26 build/z1/obj/tmp102.o
 .any.text.tmp102_read_reg
                0x0000ba74       0x5e build/z1/obj/tmp102.o
                0x0000ba74                tmp102_read_reg
 .any.text.tmp102_read_temp_x100
                0x0000bad2       0x58 build/z1/obj/tmp102.o
                0x0000bad2                tmp102_read_temp_x100
 .any.text.value
                0x0000bb2a        0x6 build/z1/obj/tmp102.o
 .any.text.putchar
                0x0000bb30       0x10 build/z1/obj/uart-putchar.o
                0x0000bb30                putchar
 .any.text.uart0_active
                0x0000bb40        0xe build/z1/obj/uart0.o
                0x0000bb40                uart0_active
 .any.text.uart0_writeb
                0x0000bb4e       0x16 build/z1/obj/uart0.o
                0x0000bb4e                uart0_writeb
 .any.text.uart0_init
                0x0000bb64       0x4e build/z1/obj/uart0.o
                0x0000bb64                uart0_init
 .any.text.process_thread_udp_client_process
                0x0000bbb2      0x20c build/z1/obj/udp-client.o
 .any.text.udp_rx_callback
                0x0000bdbe       0x64 build/z1/obj/udp-client.o
 .any.text.uip_ds6_nbr_rm
                0x0000be22       0x1e build/z1/obj/uip-ds6-nbr.o
                0x0000be22                uip_ds6_nbr_rm
 .any.text.uip_ds6_neighbors_init
                0x0000be40       0x12 build/z1/obj/uip-ds6-nbr.o
                0x0000be40                uip_ds6_neighbors_init
 .any.text.uip_ds6_nbr_add
                0x0000be52       0x36 build/z1/obj/uip-ds6-nbr.o
                0x0000be52                uip_ds6_nbr_add
 .any.text.uip_ds6_nbr_get_ll
                0x0000be88        0xc build/z1/obj/uip-ds6-nbr.o
                0x0000be88                uip_ds6_nbr_get_ll
 .any.text.uip_ds6_nbr_head
                0x0000be94        0xa build/z1/obj/uip-ds6-nbr.o
                0x0000be94                uip_ds6_nbr_head
 .any.text.uip_ds6_nbr_next
                0x0000be9e        0xc build/z1/obj/uip-ds6-nbr.o
                0x0000be9e                uip_ds6_nbr_next
 .any.text.uip_ds6_nbr_lookup
                0x0000beaa       0x36 build/z1/obj/uip-ds6-nbr.o
                0x0000beaa                uip_ds6_nbr_lookup
 .any.text.uip_ds6_nbr_ll_lookup
                0x0000bee0        0xc build/z1/obj/uip-ds6-nbr.o
                0x0000bee0                uip_ds6_nbr_ll_lookup
 .any.text.uip_ds6_nbr_update_ll
                0x0000beec       0x6e build/z1/obj/uip-ds6-nbr.o
                0x0000beec                uip_ds6_nbr_update_ll
 .any.text.uip_ds6_nbr_ipaddr_from_lladdr
                0x0000bf5a        0x6 build/z1/obj/uip-ds6-nbr.o
                0x0000bf5a                uip_ds6_nbr_ipaddr_from_lladdr
 .any.text.uip_ds6_nbr_lladdr_from_ipaddr
                0x0000bf60       0x12 build/z1/obj/uip-ds6-nbr.o
                0x0000bf60                uip_ds6_nbr_lladdr_from_ipaddr
 .any.text.uip_ds6_link_callback
                0x0000bf72        0x2 build/z1/obj/uip-ds6-nbr.o
                0x0000bf72                uip_ds6_link_callback
 .any.text.uip_ds6_route_init
                0x0000bf74        0xe build/z1/obj/uip-ds6-route.o
                0x0000bf74                uip_ds6_route_init
 .any.text.uip_ds6_route_nexthop
                0x0000bf82        0x4 build/z1/obj/uip-ds6-route.o
                0x0000bf82                uip_ds6_route_nexthop
 .any.text.uip_ds6_route_lookup
                0x0000bf86        0x4 build/z1/obj/uip-ds6-route.o
                0x0000bf86                uip_ds6_route_lookup
 .any.text.uip_ds6_route_rm
                0x0000bf8a        0x2 build/z1/obj/uip-ds6-route.o
                0x0000bf8a                uip_ds6_route_rm
 .any.text.uip_ds6_defrt_rm
                0x0000bf8c       0x2c build/z1/obj/uip-ds6-route.o
                0x0000bf8c                uip_ds6_defrt_rm
 .any.text.uip_ds6_defrt_lookup
                0x0000bfb8       0x30 build/z1/obj/uip-ds6-route.o
                0x0000bfb8                uip_ds6_defrt_lookup
 .any.text.uip_ds6_defrt_add
                0x0000bfe8       0x6c build/z1/obj/uip-ds6-route.o
                0x0000bfe8                uip_ds6_defrt_add
 .any.text.uip_ds6_defrt_choose
                0x0000c054       0x2a build/z1/obj/uip-ds6-route.o
                0x0000c054                uip_ds6_defrt_choose
 .any.text.uip_ds6_defrt_periodic
                0x0000c07e       0x2e build/z1/obj/uip-ds6-route.o
                0x0000c07e                uip_ds6_defrt_periodic
 .any.text.uip_ds6_default_prefix
                0x0000c0ac        0x6 build/z1/obj/uip-ds6.o
                0x0000c0ac                uip_ds6_default_prefix
 .any.text.uip_ds6_list_loop
                0x0000c0b2       0x70 build/z1/obj/uip-ds6.o
                0x0000c0b2                uip_ds6_list_loop
 .any.text.uip_ds6_prefix_add
                0x0000c122       0x6a build/z1/obj/uip-ds6.o
                0x0000c122                uip_ds6_prefix_add
 .any.text.uip_ds6_is_addr_onlink
                0x0000c18c       0x40 build/z1/obj/uip-ds6.o
                0x0000c18c                uip_ds6_is_addr_onlink
 .any.text.uip_ds6_addr_lookup
                0x0000c1cc       0x2a build/z1/obj/uip-ds6.o
                0x0000c1cc                uip_ds6_addr_lookup
 .any.text.uip_ds6_get_link_local
                0x0000c1f6       0x3e build/z1/obj/uip-ds6.o
                0x0000c1f6                uip_ds6_get_link_local
 .any.text.uip_ds6_maddr_add
                0x0000c234       0x42 build/z1/obj/uip-ds6.o
                0x0000c234                uip_ds6_maddr_add
 .any.text.uip_ds6_addr_add
                0x0000c276       0xb6 build/z1/obj/uip-ds6.o
                0x0000c276                uip_ds6_addr_add
 .any.text.uip_ds6_maddr_rm
                0x0000c32c        0xa build/z1/obj/uip-ds6.o
                0x0000c32c                uip_ds6_maddr_rm
 .any.text.uip_ds6_maddr_lookup
                0x0000c336       0x2a build/z1/obj/uip-ds6.o
                0x0000c336                uip_ds6_maddr_lookup
 .any.text.uip_ds6_addr_rm
                0x0000c360       0x54 build/z1/obj/uip-ds6.o
                0x0000c360                uip_ds6_addr_rm
 .any.text.uip_ds6_periodic
                0x0000c3b4       0x46 build/z1/obj/uip-ds6.o
                0x0000c3b4                uip_ds6_periodic
 .any.text.uip_ds6_set_addr_iid
                0x0000c3fa       0x14 build/z1/obj/uip-ds6.o
                0x0000c3fa                uip_ds6_set_addr_iid
 .any.text.uip_ds6_set_lladdr_from_iid
                0x0000c40e       0x14 build/z1/obj/uip-ds6.o
                0x0000c40e                uip_ds6_set_lladdr_from_iid
 .any.text.get_match_length
                0x0000c422       0x3c build/z1/obj/uip-ds6.o
                0x0000c422                get_match_length
 .any.text.uip_ds6_select_src
                0x0000c45e       0x96 build/z1/obj/uip-ds6.o
                0x0000c45e                uip_ds6_select_src
 .any.text.uip_ds6_compute_reachable_time
                0x0000c4f4       0x36 build/z1/obj/uip-ds6.o
                0x0000c4f4                uip_ds6_compute_reachable_time
 .any.text.uip_ds6_init
                0x0000c52a      0x164 build/z1/obj/uip-ds6.o
                0x0000c52a                uip_ds6_init
 .any.text.echo_reply_input
                0x0000c68e       0x56 build/z1/obj/uip-icmp6.o
 .any.text.echo_request_input
                0x0000c6e4       0x86 build/z1/obj/uip-icmp6.o
 .any.text.uip_icmp6_input
                0x0000c76a       0x34 build/z1/obj/uip-icmp6.o
                0x0000c76a                uip_icmp6_input
 .any.text.uip_icmp6_register_input_handler
                0x0000c79e        0xc build/z1/obj/uip-icmp6.o
                0x0000c79e                uip_icmp6_register_input_handler
 .any.text.uip_icmp6_error_output
                0x0000c7aa      0x136 build/z1/obj/uip-icmp6.o
                0x0000c7aa                uip_icmp6_error_output
 .any.text.uip_icmp6_send
                0x0000c8e0       0x82 build/z1/obj/uip-icmp6.o
                0x0000c8e0                uip_icmp6_send
 .any.text.uip_icmp6_init
                0x0000c962       0x12 build/z1/obj/uip-icmp6.o
                0x0000c962                uip_icmp6_init
 .any.text.ns_input
                0x0000c974      0x2a0 build/z1/obj/uip-nd6.o
 .any.text.uip_nd6_init
                0x0000cc14        0xa build/z1/obj/uip-nd6.o
                0x0000cc14                uip_nd6_init
 .any.text.node_matches_address.part.0
                0x0000cc1e       0x2e build/z1/obj/uip-sr.o
 .any.text.uip_sr_get_node
                0x0000cc4c       0x32 build/z1/obj/uip-sr.o
                0x0000cc4c                uip_sr_get_node
 .any.text.uip_sr_is_addr_reachable
                0x0000cc7e       0x4a build/z1/obj/uip-sr.o
                0x0000cc7e                uip_sr_is_addr_reachable
 .any.text.uip_sr_expire_parent
                0x0000ccc8       0x48 build/z1/obj/uip-sr.o
                0x0000ccc8                uip_sr_expire_parent
 .any.text.uip_sr_update_node
                0x0000cd10       0xac build/z1/obj/uip-sr.o
                0x0000cd10                uip_sr_update_node
 .any.text.uip_sr_init
                0x0000cdbc       0x12 build/z1/obj/uip-sr.o
                0x0000cdbc                uip_sr_init
 .any.text.uip_sr_periodic
                0x0000cdce       0x7c build/z1/obj/uip-sr.o
                0x0000cdce                uip_sr_periodic
 .any.text.uip_sr_free_all
                0x0000ce4a       0x2c build/z1/obj/uip-sr.o
                0x0000ce4a                uip_sr_free_all
 .any.text.uip_udp_packet_send
                0x0000ce76       0x2a build/z1/obj/uip-udp-packet.o
                0x0000ce76                uip_udp_packet_send
 .any.text.uip_udp_packet_sendto
                0x0000cea0       0x56 build/z1/obj/uip-udp-packet.o
                0x0000cea0                uip_udp_packet_sendto
 .any.text.chksum
                0x0000cef6       0x32 build/z1/obj/uip6.o
 .any.text.upper_layer_chksum
                0x0000cf28       0x54 build/z1/obj/uip6.o
 .any.text.ext_hdr_options_process
                0x0000cf7c       0x92 build/z1/obj/uip6.o
 .any.text.uip_check_mtu
                0x0000d00e       0x1e build/z1/obj/uip6.o
 .any.text.uip_update_ttl
                0x0000d02c       0x24 build/z1/obj/uip6.o
 .any.text.uip_icmp6chksum
                0x0000d050        0xa build/z1/obj/uip6.o
                0x0000d050                uip_icmp6chksum
 .any.text.uip_udpchksum
                0x0000d05a        0xa build/z1/obj/uip6.o
                0x0000d05a                uip_udpchksum
 .any.text.uip_init
                0x0000d064       0x24 build/z1/obj/uip6.o
                0x0000d064                uip_init
 .any.text.uip_remove_ext_hdr
                0x0000d088       0x5e build/z1/obj/uip6.o
                0x0000d088                uip_remove_ext_hdr
 .any.text.uip_udp_new
                0x0000d0e6       0x84 build/z1/obj/uip6.o
                0x0000d0e6                uip_udp_new
 .any.text.uip_process
                0x0000d16a      0x560 build/z1/obj/uip6.o
                0x0000d16a                uip_process
 .any.text.uip_htonl
                0x0000d6ca       0x2a build/z1/obj/uip6.o
                0x0000d6ca                uip_htonl
 .any.text.uipbuf_add_ext_hdr
                0x0000d6f4       0x1c build/z1/obj/uipbuf.o
                0x0000d6f4                uipbuf_add_ext_hdr
 .any.text.uipbuf_set_len
                0x0000d710       0x12 build/z1/obj/uipbuf.o
                0x0000d710                uipbuf_set_len
 .any.text.uipbuf_set_len_field
                0x0000d722        0xe build/z1/obj/uipbuf.o
                0x0000d722                uipbuf_set_len_field
 .any.text.uipbuf_get_len_field
                0x0000d730        0xe build/z1/obj/uipbuf.o
                0x0000d730                uipbuf_get_len_field
 .any.text.uipbuf_get_next_header
                0x0000d73e       0x62 build/z1/obj/uipbuf.o
                0x0000d73e                uipbuf_get_next_header
 .any.text.uipbuf_get_last_header
                0x0000d7a0       0x36 build/z1/obj/uipbuf.o
                0x0000d7a0                uipbuf_get_last_header
 .any.text.uipbuf_search_header
                0x0000d7d6       0x46 build/z1/obj/uipbuf.o
                0x0000d7d6                uipbuf_search_header
 .any.text.uipbuf_get_attr
                0x0000d81c       0x12 build/z1/obj/uipbuf.o
                0x0000d81c                uipbuf_get_attr
 .any.text.uipbuf_set_attr
                0x0000d82e       0x14 build/z1/obj/uipbuf.o
                0x0000d82e                uipbuf_set_attr
 .any.text.uipbuf_clear_attr
                0x0000d842       0x12 build/z1/obj/uipbuf.o
                0x0000d842                uipbuf_clear_attr
 .any.text.uipbuf_clear
                0x0000d854       0x12 build/z1/obj/uipbuf.o
                0x0000d854                uipbuf_clear
 .any.text.uipbuf_init
                0x0000d866       0x1a build/z1/obj/uipbuf.o
                0x0000d866                uipbuf_init
 .any.text.uiplib_ipaddr_snprint
                0x0000d880      0x114 build/z1/obj/uiplib.o
                0x0000d880                uiplib_ipaddr_snprint
 .any.text.watchdog_start
                0x0000d994       0x14 build/z1/obj/watchdog.o
                0x0000d994                watchdog_start
 .any.text.watchdog_periodic
                0x0000d9a8       0x12 build/z1/obj/watchdog.o
                0x0000d9a8                watchdog_periodic
 .any.text.watchdog_stop
                0x0000d9ba       0x16 build/z1/obj/watchdog.o
                0x0000d9ba                watchdog_stop
 .any.text.watchdog_init
                0x0000d9d0       0x12 build/z1/obj/watchdog.o
                0x0000d9d0                watchdog_init
 .any.text.write_enable
                0x0000d9e2       0x26 build/z1/obj/xmem.o
 .any.text.wait_ready
                0x0000da08       0x46 build/z1/obj/xmem.o
 .any.text.xmem_init
                0x0000da4e       0x1e build/z1/obj/xmem.o
                0x0000da4e                xmem_init
 .any.text.xmem_pread
                0x0000da6c       0x88 build/z1/obj/xmem.o
                0x0000da6c                xmem_pread
 .any.text.xmem_pwrite
                0x0000daf4       0xdc build/z1/obj/xmem.o
                0x0000daf4                xmem_pwrite
 .any.text.xmem_erase
                0x0000dbd0       0xaa build/z1/obj/xmem.o
                0x0000dbd0                xmem_erase
 .any.text.atoi
                0x0000dc7a       0x82 /usr/local/bin/../lib/gcc/msp430/4.7.2/../../../../msp430/lib/mcpu-430x/mmpy-16/msr20/mc20/libc.a(atoi.o)
                0x0000dc7a                atoi
 .any.text.printf
                0x0000dcfc       0x10 /usr/local/bin/../lib/gcc/msp430/4.7.2/../../../../msp430/lib/mcpu-430x/mmpy-16/msr20/mc20/libc.a(printf.o)
                0x0000dcfc                printf
 .any.text.append
                0x0000dd0c       0x22 /usr/local/bin/../lib/gcc/msp430/4.7.2/../../../../msp430/lib/mcpu-430x/mmpy-16/msr20/mc20/libc.a(sprintf.o)
 .any.text.call_vuprintf
                0x0000dd2e       0x36 /usr/local/bin/../lib/gcc/msp430/4.7.2/../../../../msp430/lib/mcpu-430x/mmpy-16/msr20/mc20/libc.a(sprintf.o)
 .any.text.snprintf
                0x0000dd64       0x1c /usr/local/bin/../lib/gcc/msp430/4.7.2/../../../../msp430/lib/mcpu-430x/mmpy-16/msr20/mc20/libc.a(sprintf.o)
                0x0000dd64                snprintf
 .any.text.print_field
                0x0000dd80      0x176 /usr/local/bin/../lib/gcc/msp430/4.7.2/../../../../msp430/lib/mcpu-430x/mmpy-16/msr20/mc20/libc.a(vuprintf.o)
 .any.text.vuprintf
                0x0000def6      0x742 /usr/local/bin/../lib/gcc/msp430/4.7.2/../../../../msp430/lib/mcpu-430x/mmpy-16/msr20/mc20/libc.a(vuprintf.o)
                0x0000def6                vuprintf
 .any.text.puts
                0x0000e638       0x2c /usr/local/bin/../lib/gcc/msp430/4.7.2/../../../../msp430/lib/mcpu-430x/mmpy-16/msr20/mc20/libc.a(puts.o)
                0x0000e638                puts
 .any.text.strcmp
                0x0000e664       0x1e /usr/local/bin/../lib/gcc/msp430/4.7.2/../../../../msp430/lib/mcpu-430x/mmpy-16/msr20/mc20/libc.a(strcmp.o)
                0x0000e664                strcmp
 .any.text.strncmp
                0x0000e682       0x2a /usr/local/bin/../lib/gcc/msp430/4.7.2/../../../../msp430/lib/mcpu-430x/mmpy-16/msr20/mc20/libc.a(strncmp.o)
                0x0000e682                strncmp
 .any.text.memcmp
                0x0000e6ac       0x2c /usr/local/bin/../lib/gcc/msp430/4.7.2/../../../../msp430/lib/mcpu-430x/mmpy-16/msr20/mc20/libc.a(memcmp.o)
                0x0000e6ac                memcmp
 .any.text.strncpy
                0x0000e6d8       0x2a /usr/local/bin/../lib/gcc/msp430/4.7.2/../../../../msp430/lib/mcpu-430x/mmpy-16/msr20/mc20/libc.a(strncpy.o)
                0x0000e6d8                strncpy
 .any.text.memcpy
                0x0000e702       0xe8 /usr/local/bin/../lib/gcc/msp430/4.7.2/../../../../msp430/lib/mcpu-430x/mmpy-16/msr20/mc20/libc.a(memcpy.o)
                0x0000e702                memcpy
 .any.text.memmove
                0x0000e7ea       0xe8 /usr/local/bin/../lib/gcc/msp430/4.7.2/../../../../msp430/lib/mcpu-430x/mmpy-16/msr20/mc20/libc.a(memmove.o)
                0x0000e7ea                memmove
 .any.text.memset
                0x0000e8d2       0x5c /usr/local/bin/../lib/gcc/msp430/4.7.2/../../../../msp430/lib/mcpu-430x/mmpy-16/msr20/mc20/libc.a(memset.o)
                0x0000e8d2                memset

.rodata         0x0000e930      0x5f4
                0x0000e930                . = ALIGN (0x2)
 *(SORT(.rodata) SORT(.rodata.*) SORT(.gnu.linkonce.r.*))
 .rodata.get_value
                0x0000e930       0x68 build/z1/obj/cc2420.o
 .rodata.set_value
                0x0000e998       0x20 build/z1/obj/cc2420.o
 .rodata.adxl345
                0x0000e9b8        0xe build/z1/obj/adxl345.o
                0x0000e9b8                adxl345
 .rodata.button_sensor
                0x0000e9c6        0xe build/z1/obj/button-sensor.o
                0x0000e9c6                button_sensor
 .rodata.cc2420_driver
                0x0000e9d4       0x38 build/z1/obj/cc2420.o
                0x0000e9d4                cc2420_driver
 .rodata.output_power
                0x0000ea0c       0x10 build/z1/obj/cc2420.o
 .rodata.csma_driver
                0x0000ea1c       0x1a build/z1/obj/csma.o
                0x0000ea1c                csma_driver
 .rodata.framer_802154
                0x0000ea36        0xc build/z1/obj/framer-802154.o
                0x0000ea36                framer_802154
 .rodata.linkaddr_null
                0x0000ea42        0x8 build/z1/obj/linkaddr.o
                0x0000ea42                linkaddr_null
 .rodata.rpl_lite_driver
                0x0000ea4a       0x52 build/z1/obj/rpl.o
                0x0000ea4a                rpl_lite_driver
 .rodata.sfc16_prng
                0x0000ea9c        0x8 build/z1/obj/sfc16-prng.o
                0x0000ea9c                sfc16_prng
 .rodata.sicslowpan_driver
                0x0000eaa4        0xe build/z1/obj/sicslowpan.o
                0x0000eaa4                sicslowpan_driver
 .rodata.tmp102
                0x0000eab2        0xe build/z1/obj/tmp102.o
                0x0000eab2                tmp102
 .rodata.autostart_processes
                0x0000eac0        0x4 build/z1/obj/udp-client.o
                0x0000eac0                autostart_processes
 .rodata        0x0000eac4       0x25 build/z1/obj/adxl345.o
 .rodata        0x0000eae9        0x7 build/z1/obj/button-sensor.o
 .rodata        0x0000eaf0        0xe build/z1/obj/cc2420.o
 .rodata        0x0000eafe       0xee build/z1/obj/contiki-main.o
 .rodata        0x0000ebec        0x5 build/z1/obj/csma.o
 .rodata        0x0000ebf1        0xf build/z1/obj/ctimer.o
 .rodata        0x0000ec00        0xc build/z1/obj/etimer.o
 .rodata.CSWTCH.17
                0x0000ec0c        0x2 build/z1/obj/frame802154.o
 .rodata.log_6addr
                0x0000ec0e        0x3 build/z1/obj/log.o
 .rodata.log_lladdr
                0x0000ec11       0x14 build/z1/obj/log.o
 .rodata.platform_init_stage_three
                0x0000ec25       0x30 build/z1/obj/platform.o
 .rodata.process_dio_init_dag
                0x0000ec55        0x5 build/z1/obj/rpl-dag.o
 .rodata.rpl_local_repair
                0x0000ec5a        0xd build/z1/obj/rpl-dag.o
 .rodata.rpl_global_repair
                0x0000ec67        0xe build/z1/obj/rpl-dag.o
 .rodata.rpl_dag_update_state
                0x0000ec75       0x31 build/z1/obj/rpl-dag.o
 .rodata.rpl_process_dio
                0x0000eca6       0x35 build/z1/obj/rpl-dag.o